CRITICAL - 2024-10-27 00:02:40 --> Trying to get property 'kode_prodi' of non-object
#0 /Users/macbookprom2/Desktop/PROJECT/silaju.unifa.ac.id/RPL-RF/app/Controllers/Admin.php(3676): CodeIgniter\Debug\Exceptions->errorHandler(8, 'Trying to get p...', '/Users/macbookp...', 3676, Array)
#1 /Users/macbookprom2/Desktop/PROJECT/silaju.unifa.ac.id/RPL-RF/app/Controllers/Admin.php(2814): App\Controllers\Admin->getKodeProdiBy('assets')
#2 /Users/macbookprom2/Desktop/PROJECT/silaju.unifa.ac.id/RPL-RF/vendor/codeigniter4/framework/system/CodeIgniter.php(931): App\Controllers\Admin->validprodia1('assets', 'images', 'logo.svg')
#3 /Users/macbookprom2/Desktop/PROJECT/silaju.unifa.ac.id/RPL-RF/vendor/codeigniter4/framework/system/CodeIgniter.php(439): CodeIgniter\CodeIgniter->runController(Object(App\Controllers\Admin))
#4 /Users/macbookprom2/Desktop/PROJECT/silaju.unifa.ac.id/RPL-RF/vendor/codeigniter4/framework/system/CodeIgniter.php(339): CodeIgniter\CodeIgniter->handleRequest(NULL, Object(Config\Cache), false)
#5 /Users/macbookprom2/Desktop/PROJECT/silaju.unifa.ac.id/RPL-RF/public/index.php(45): CodeIgniter\CodeIgniter->run()
#6 /Users/macbookprom2/Desktop/PROJECT/silaju.unifa.ac.id/RPL-RF/vendor/codeigniter4/framework/system/Commands/Server/rewrite.php(45): require_once('/Users/macbookp...')
#7 {main}
CRITICAL - 2024-10-27 00:02:40 --> Trying to get property 'kode_prodi' of non-object
#0 /Users/macbookprom2/Desktop/PROJECT/silaju.unifa.ac.id/RPL-RF/app/Controllers/Admin.php(3676): CodeIgniter\Debug\Exceptions->errorHandler(8, 'Trying to get p...', '/Users/macbookp...', 3676, Array)
#1 /Users/macbookprom2/Desktop/PROJECT/silaju.unifa.ac.id/RPL-RF/app/Controllers/Admin.php(2814): App\Controllers\Admin->getKodeProdiBy('assets')
#2 /Users/macbookprom2/Desktop/PROJECT/silaju.unifa.ac.id/RPL-RF/vendor/codeigniter4/framework/system/CodeIgniter.php(931): App\Controllers\Admin->validprodia1('assets', 'images', 'logo-dark.png')
#3 /Users/macbookprom2/Desktop/PROJECT/silaju.unifa.ac.id/RPL-RF/vendor/codeigniter4/framework/system/CodeIgniter.php(439): CodeIgniter\CodeIgniter->runController(Object(App\Controllers\Admin))
#4 /Users/macbookprom2/Desktop/PROJECT/silaju.unifa.ac.id/RPL-RF/vendor/codeigniter4/framework/system/CodeIgniter.php(339): CodeIgniter\CodeIgniter->handleRequest(NULL, Object(Config\Cache), false)
#5 /Users/macbookprom2/Desktop/PROJECT/silaju.unifa.ac.id/RPL-RF/public/index.php(45): CodeIgniter\CodeIgniter->run()
#6 /Users/macbookprom2/Desktop/PROJECT/silaju.unifa.ac.id/RPL-RF/vendor/codeigniter4/framework/system/Commands/Server/rewrite.php(45): require_once('/Users/macbookp...')
#7 {main}
CRITICAL - 2024-10-27 00:03:16 --> Undefined offset: 0
#0 /Users/macbookprom2/Desktop/PROJECT/silaju.unifa.ac.id/RPL-RF/app/Controllers/Admin.php(2554): CodeIgniter\Debug\Exceptions->errorHandler(8, 'Undefined offse...', '/Users/macbookp...', 2554, Array)
#1 /Users/macbookprom2/Desktop/PROJECT/silaju.unifa.ac.id/RPL-RF/app/Controllers/Admin.php(2564): App\Controllers\Admin->getasessorbynoregis('assets')
#2 /Users/macbookprom2/Desktop/PROJECT/silaju.unifa.ac.id/RPL-RF/vendor/codeigniter4/framework/system/CodeIgniter.php(931): App\Controllers\Admin->tanggapanAsessor('assets', 'images', 'logo.svg')
#3 /Users/macbookprom2/Desktop/PROJECT/silaju.unifa.ac.id/RPL-RF/vendor/codeigniter4/framework/system/CodeIgniter.php(439): CodeIgniter\CodeIgniter->runController(Object(App\Controllers\Admin))
#4 /Users/macbookprom2/Desktop/PROJECT/silaju.unifa.ac.id/RPL-RF/vendor/codeigniter4/framework/system/CodeIgniter.php(339): CodeIgniter\CodeIgniter->handleRequest(NULL, Object(Config\Cache), false)
#5 /Users/macbookprom2/Desktop/PROJECT/silaju.unifa.ac.id/RPL-RF/public/index.php(45): CodeIgniter\CodeIgniter->run()
#6 /Users/macbookprom2/Desktop/PROJECT/silaju.unifa.ac.id/RPL-RF/vendor/codeigniter4/framework/system/Commands/Server/rewrite.php(45): require_once('/Users/macbookp...')
#7 {main}
CRITICAL - 2024-10-27 00:03:16 --> Undefined offset: 0
#0 /Users/macbookprom2/Desktop/PROJECT/silaju.unifa.ac.id/RPL-RF/app/Controllers/Admin.php(2554): CodeIgniter\Debug\Exceptions->errorHandler(8, 'Undefined offse...', '/Users/macbookp...', 2554, Array)
#1 /Users/macbookprom2/Desktop/PROJECT/silaju.unifa.ac.id/RPL-RF/app/Controllers/Admin.php(2564): App\Controllers\Admin->getasessorbynoregis('assets')
#2 /Users/macbookprom2/Desktop/PROJECT/silaju.unifa.ac.id/RPL-RF/vendor/codeigniter4/framework/system/CodeIgniter.php(931): App\Controllers\Admin->tanggapanAsessor('assets', 'images', 'logo-dark.png')
#3 /Users/macbookprom2/Desktop/PROJECT/silaju.unifa.ac.id/RPL-RF/vendor/codeigniter4/framework/system/CodeIgniter.php(439): CodeIgniter\CodeIgniter->runController(Object(App\Controllers\Admin))
#4 /Users/macbookprom2/Desktop/PROJECT/silaju.unifa.ac.id/RPL-RF/vendor/codeigniter4/framework/system/CodeIgniter.php(339): CodeIgniter\CodeIgniter->handleRequest(NULL, Object(Config\Cache), false)
#5 /Users/macbookprom2/Desktop/PROJECT/silaju.unifa.ac.id/RPL-RF/public/index.php(45): CodeIgniter\CodeIgniter->run()
#6 /Users/macbookprom2/Desktop/PROJECT/silaju.unifa.ac.id/RPL-RF/vendor/codeigniter4/framework/system/Commands/Server/rewrite.php(45): require_once('/Users/macbookp...')
#7 {main}
CRITICAL - 2024-10-27 00:03:26 --> Undefined variable: dataMhsSudahMenanggapi
#0 /Users/macbookprom2/Desktop/PROJECT/silaju.unifa.ac.id/RPL-RF/app/Views/Admin/rpl-home-asessor.php(182): CodeIgniter\Debug\Exceptions->errorHandler(8, 'Undefined varia...', '/Users/macbookp...', 182, Array)
#1 /Users/macbookprom2/Desktop/PROJECT/silaju.unifa.ac.id/RPL-RF/vendor/codeigniter4/framework/system/View/View.php(230): include('/Users/macbookp...')
#2 /Users/macbookprom2/Desktop/PROJECT/silaju.unifa.ac.id/RPL-RF/vendor/codeigniter4/framework/system/View/View.php(232): CodeIgniter\View\View->CodeIgniter\View\{closure}()
#3 /Users/macbookprom2/Desktop/PROJECT/silaju.unifa.ac.id/RPL-RF/vendor/codeigniter4/framework/system/Common.php(1250): CodeIgniter\View\View->render('Admin/rpl-home-...', Array, true)
#4 /Users/macbookprom2/Desktop/PROJECT/silaju.unifa.ac.id/RPL-RF/app/Controllers/Admin.php(3056): view('Admin/rpl-home-...', Array)
#5 /Users/macbookprom2/Desktop/PROJECT/silaju.unifa.ac.id/RPL-RF/vendor/codeigniter4/framework/system/CodeIgniter.php(931): App\Controllers\Admin->batalklaimasessor('20231-0271')
#6 /Users/macbookprom2/Desktop/PROJECT/silaju.unifa.ac.id/RPL-RF/vendor/codeigniter4/framework/system/CodeIgniter.php(439): CodeIgniter\CodeIgniter->runController(Object(App\Controllers\Admin))
#7 /Users/macbookprom2/Desktop/PROJECT/silaju.unifa.ac.id/RPL-RF/vendor/codeigniter4/framework/system/CodeIgniter.php(339): CodeIgniter\CodeIgniter->handleRequest(NULL, Object(Config\Cache), false)
#8 /Users/macbookprom2/Desktop/PROJECT/silaju.unifa.ac.id/RPL-RF/public/index.php(45): CodeIgniter\CodeIgniter->run()
#9 /Users/macbookprom2/Desktop/PROJECT/silaju.unifa.ac.id/RPL-RF/vendor/codeigniter4/framework/system/Commands/Server/rewrite.php(45): require_once('/Users/macbookp...')
#10 {main}
CRITICAL - 2024-10-27 00:03:55 --> Undefined offset: 0
#0 /Users/macbookprom2/Desktop/PROJECT/silaju.unifa.ac.id/RPL-RF/app/Controllers/Admin.php(2554): CodeIgniter\Debug\Exceptions->errorHandler(8, 'Undefined offse...', '/Users/macbookp...', 2554, Array)
#1 /Users/macbookprom2/Desktop/PROJECT/silaju.unifa.ac.id/RPL-RF/app/Controllers/Admin.php(2620): App\Controllers\Admin->getasessorbynoregis('assets')
#2 /Users/macbookprom2/Desktop/PROJECT/silaju.unifa.ac.id/RPL-RF/vendor/codeigniter4/framework/system/CodeIgniter.php(931): App\Controllers\Admin->tanggapanAsessorA1('assets', 'images', 'logo.svg')
#3 /Users/macbookprom2/Desktop/PROJECT/silaju.unifa.ac.id/RPL-RF/vendor/codeigniter4/framework/system/CodeIgniter.php(439): CodeIgniter\CodeIgniter->runController(Object(App\Controllers\Admin))
#4 /Users/macbookprom2/Desktop/PROJECT/silaju.unifa.ac.id/RPL-RF/vendor/codeigniter4/framework/system/CodeIgniter.php(339): CodeIgniter\CodeIgniter->handleRequest(NULL, Object(Config\Cache), false)
#5 /Users/macbookprom2/Desktop/PROJECT/silaju.unifa.ac.id/RPL-RF/public/index.php(45): CodeIgniter\CodeIgniter->run()
#6 /Users/macbookprom2/Desktop/PROJECT/silaju.unifa.ac.id/RPL-RF/vendor/codeigniter4/framework/system/Commands/Server/rewrite.php(45): require_once('/Users/macbookp...')
#7 {main}
CRITICAL - 2024-10-27 00:03:55 --> Undefined offset: 0
#0 /Users/macbookprom2/Desktop/PROJECT/silaju.unifa.ac.id/RPL-RF/app/Controllers/Admin.php(2554): CodeIgniter\Debug\Exceptions->errorHandler(8, 'Undefined offse...', '/Users/macbookp...', 2554, Array)
#1 /Users/macbookprom2/Desktop/PROJECT/silaju.unifa.ac.id/RPL-RF/app/Controllers/Admin.php(2620): App\Controllers\Admin->getasessorbynoregis('assets')
#2 /Users/macbookprom2/Desktop/PROJECT/silaju.unifa.ac.id/RPL-RF/vendor/codeigniter4/framework/system/CodeIgniter.php(931): App\Controllers\Admin->tanggapanAsessorA1('assets', 'images', 'logo-dark.png')
#3 /Users/macbookprom2/Desktop/PROJECT/silaju.unifa.ac.id/RPL-RF/vendor/codeigniter4/framework/system/CodeIgniter.php(439): CodeIgniter\CodeIgniter->runController(Object(App\Controllers\Admin))
#4 /Users/macbookprom2/Desktop/PROJECT/silaju.unifa.ac.id/RPL-RF/vendor/codeigniter4/framework/system/CodeIgniter.php(339): CodeIgniter\CodeIgniter->handleRequest(NULL, Object(Config\Cache), false)
#5 /Users/macbookprom2/Desktop/PROJECT/silaju.unifa.ac.id/RPL-RF/public/index.php(45): CodeIgniter\CodeIgniter->run()
#6 /Users/macbookprom2/Desktop/PROJECT/silaju.unifa.ac.id/RPL-RF/vendor/codeigniter4/framework/system/Commands/Server/rewrite.php(45): require_once('/Users/macbookp...')
#7 {main}
CRITICAL - 2024-10-27 00:03:56 --> Undefined offset: 0
#0 /Users/macbookprom2/Desktop/PROJECT/silaju.unifa.ac.id/RPL-RF/app/Controllers/Admin.php(2554): CodeIgniter\Debug\Exceptions->errorHandler(8, 'Undefined offse...', '/Users/macbookp...', 2554, Array)
#1 /Users/macbookprom2/Desktop/PROJECT/silaju.unifa.ac.id/RPL-RF/app/Controllers/Admin.php(2620): App\Controllers\Admin->getasessorbynoregis('assets')
#2 /Users/macbookprom2/Desktop/PROJECT/silaju.unifa.ac.id/RPL-RF/vendor/codeigniter4/framework/system/CodeIgniter.php(931): App\Controllers\Admin->tanggapanAsessorA1('assets', 'images', 'logo.svg')
#3 /Users/macbookprom2/Desktop/PROJECT/silaju.unifa.ac.id/RPL-RF/vendor/codeigniter4/framework/system/CodeIgniter.php(439): CodeIgniter\CodeIgniter->runController(Object(App\Controllers\Admin))
#4 /Users/macbookprom2/Desktop/PROJECT/silaju.unifa.ac.id/RPL-RF/vendor/codeigniter4/framework/system/CodeIgniter.php(339): CodeIgniter\CodeIgniter->handleRequest(NULL, Object(Config\Cache), false)
#5 /Users/macbookprom2/Desktop/PROJECT/silaju.unifa.ac.id/RPL-RF/public/index.php(45): CodeIgniter\CodeIgniter->run()
#6 /Users/macbookprom2/Desktop/PROJECT/silaju.unifa.ac.id/RPL-RF/vendor/codeigniter4/framework/system/Commands/Server/rewrite.php(45): require_once('/Users/macbookp...')
#7 {main}
CRITICAL - 2024-10-27 00:03:56 --> Undefined offset: 0
#0 /Users/macbookprom2/Desktop/PROJECT/silaju.unifa.ac.id/RPL-RF/app/Controllers/Admin.php(2554): CodeIgniter\Debug\Exceptions->errorHandler(8, 'Undefined offse...', '/Users/macbookp...', 2554, Array)
#1 /Users/macbookprom2/Desktop/PROJECT/silaju.unifa.ac.id/RPL-RF/app/Controllers/Admin.php(2620): App\Controllers\Admin->getasessorbynoregis('assets')
#2 /Users/macbookprom2/Desktop/PROJECT/silaju.unifa.ac.id/RPL-RF/vendor/codeigniter4/framework/system/CodeIgniter.php(931): App\Controllers\Admin->tanggapanAsessorA1('assets', 'images', 'logo-dark.png')
#3 /Users/macbookprom2/Desktop/PROJECT/silaju.unifa.ac.id/RPL-RF/vendor/codeigniter4/framework/system/CodeIgniter.php(439): CodeIgniter\CodeIgniter->runController(Object(App\Controllers\Admin))
#4 /Users/macbookprom2/Desktop/PROJECT/silaju.unifa.ac.id/RPL-RF/vendor/codeigniter4/framework/system/CodeIgniter.php(339): CodeIgniter\CodeIgniter->handleRequest(NULL, Object(Config\Cache), false)
#5 /Users/macbookprom2/Desktop/PROJECT/silaju.unifa.ac.id/RPL-RF/public/index.php(45): CodeIgniter\CodeIgniter->run()
#6 /Users/macbookprom2/Desktop/PROJECT/silaju.unifa.ac.id/RPL-RF/vendor/codeigniter4/framework/system/Commands/Server/rewrite.php(45): require_once('/Users/macbookp...')
#7 {main}
CRITICAL - 2024-10-27 00:05:39 --> Undefined offset: 0
#0 /Users/macbookprom2/Desktop/PROJECT/silaju.unifa.ac.id/RPL-RF/app/Controllers/Admin.php(2554): CodeIgniter\Debug\Exceptions->errorHandler(8, 'Undefined offse...', '/Users/macbookp...', 2554, Array)
#1 /Users/macbookprom2/Desktop/PROJECT/silaju.unifa.ac.id/RPL-RF/app/Controllers/Admin.php(2620): App\Controllers\Admin->getasessorbynoregis('assets')
#2 /Users/macbookprom2/Desktop/PROJECT/silaju.unifa.ac.id/RPL-RF/vendor/codeigniter4/framework/system/CodeIgniter.php(931): App\Controllers\Admin->tanggapanAsessorA1('assets', 'images', 'logo.svg')
#3 /Users/macbookprom2/Desktop/PROJECT/silaju.unifa.ac.id/RPL-RF/vendor/codeigniter4/framework/system/CodeIgniter.php(439): CodeIgniter\CodeIgniter->runController(Object(App\Controllers\Admin))
#4 /Users/macbookprom2/Desktop/PROJECT/silaju.unifa.ac.id/RPL-RF/vendor/codeigniter4/framework/system/CodeIgniter.php(339): CodeIgniter\CodeIgniter->handleRequest(NULL, Object(Config\Cache), false)
#5 /Users/macbookprom2/Desktop/PROJECT/silaju.unifa.ac.id/RPL-RF/public/index.php(45): CodeIgniter\CodeIgniter->run()
#6 /Users/macbookprom2/Desktop/PROJECT/silaju.unifa.ac.id/RPL-RF/vendor/codeigniter4/framework/system/Commands/Server/rewrite.php(45): require_once('/Users/macbookp...')
#7 {main}
CRITICAL - 2024-10-27 00:05:39 --> Undefined offset: 0
#0 /Users/macbookprom2/Desktop/PROJECT/silaju.unifa.ac.id/RPL-RF/app/Controllers/Admin.php(2554): CodeIgniter\Debug\Exceptions->errorHandler(8, 'Undefined offse...', '/Users/macbookp...', 2554, Array)
#1 /Users/macbookprom2/Desktop/PROJECT/silaju.unifa.ac.id/RPL-RF/app/Controllers/Admin.php(2620): App\Controllers\Admin->getasessorbynoregis('assets')
#2 /Users/macbookprom2/Desktop/PROJECT/silaju.unifa.ac.id/RPL-RF/vendor/codeigniter4/framework/system/CodeIgniter.php(931): App\Controllers\Admin->tanggapanAsessorA1('assets', 'images', 'logo-dark.png')
#3 /Users/macbookprom2/Desktop/PROJECT/silaju.unifa.ac.id/RPL-RF/vendor/codeigniter4/framework/system/CodeIgniter.php(439): CodeIgniter\CodeIgniter->runController(Object(App\Controllers\Admin))
#4 /Users/macbookprom2/Desktop/PROJECT/silaju.unifa.ac.id/RPL-RF/vendor/codeigniter4/framework/system/CodeIgniter.php(339): CodeIgniter\CodeIgniter->handleRequest(NULL, Object(Config\Cache), false)
#5 /Users/macbookprom2/Desktop/PROJECT/silaju.unifa.ac.id/RPL-RF/public/index.php(45): CodeIgniter\CodeIgniter->run()
#6 /Users/macbookprom2/Desktop/PROJECT/silaju.unifa.ac.id/RPL-RF/vendor/codeigniter4/framework/system/Commands/Server/rewrite.php(45): require_once('/Users/macbookp...')
#7 {main}
CRITICAL - 2024-10-27 01:31:56 --> Undefined offset: 0
#0 /Users/macbookprom2/Desktop/PROJECT/silaju.unifa.ac.id/RPL-RF/app/Controllers/Admin.php(2554): CodeIgniter\Debug\Exceptions->errorHandler(8, 'Undefined offse...', '/Users/macbookp...', 2554, Array)
#1 /Users/macbookprom2/Desktop/PROJECT/silaju.unifa.ac.id/RPL-RF/app/Controllers/Admin.php(2564): App\Controllers\Admin->getasessorbynoregis('assets')
#2 /Users/macbookprom2/Desktop/PROJECT/silaju.unifa.ac.id/RPL-RF/vendor/codeigniter4/framework/system/CodeIgniter.php(931): App\Controllers\Admin->tanggapanAsessor('assets', 'images', 'logo.svg')
#3 /Users/macbookprom2/Desktop/PROJECT/silaju.unifa.ac.id/RPL-RF/vendor/codeigniter4/framework/system/CodeIgniter.php(439): CodeIgniter\CodeIgniter->runController(Object(App\Controllers\Admin))
#4 /Users/macbookprom2/Desktop/PROJECT/silaju.unifa.ac.id/RPL-RF/vendor/codeigniter4/framework/system/CodeIgniter.php(339): CodeIgniter\CodeIgniter->handleRequest(NULL, Object(Config\Cache), false)
#5 /Users/macbookprom2/Desktop/PROJECT/silaju.unifa.ac.id/RPL-RF/public/index.php(45): CodeIgniter\CodeIgniter->run()
#6 /Users/macbookprom2/Desktop/PROJECT/silaju.unifa.ac.id/RPL-RF/vendor/codeigniter4/framework/system/Commands/Server/rewrite.php(45): require_once('/Users/macbookp...')
#7 {main}
CRITICAL - 2024-10-27 01:31:56 --> Undefined offset: 0
#0 /Users/macbookprom2/Desktop/PROJECT/silaju.unifa.ac.id/RPL-RF/app/Controllers/Admin.php(2554): CodeIgniter\Debug\Exceptions->errorHandler(8, 'Undefined offse...', '/Users/macbookp...', 2554, Array)
#1 /Users/macbookprom2/Desktop/PROJECT/silaju.unifa.ac.id/RPL-RF/app/Controllers/Admin.php(2564): App\Controllers\Admin->getasessorbynoregis('assets')
#2 /Users/macbookprom2/Desktop/PROJECT/silaju.unifa.ac.id/RPL-RF/vendor/codeigniter4/framework/system/CodeIgniter.php(931): App\Controllers\Admin->tanggapanAsessor('assets', 'images', 'logo-dark.png')
#3 /Users/macbookprom2/Desktop/PROJECT/silaju.unifa.ac.id/RPL-RF/vendor/codeigniter4/framework/system/CodeIgniter.php(439): CodeIgniter\CodeIgniter->runController(Object(App\Controllers\Admin))
#4 /Users/macbookprom2/Desktop/PROJECT/silaju.unifa.ac.id/RPL-RF/vendor/codeigniter4/framework/system/CodeIgniter.php(339): CodeIgniter\CodeIgniter->handleRequest(NULL, Object(Config\Cache), false)
#5 /Users/macbookprom2/Desktop/PROJECT/silaju.unifa.ac.id/RPL-RF/public/index.php(45): CodeIgniter\CodeIgniter->run()
#6 /Users/macbookprom2/Desktop/PROJECT/silaju.unifa.ac.id/RPL-RF/vendor/codeigniter4/framework/system/Commands/Server/rewrite.php(45): require_once('/Users/macbookp...')
#7 {main}
CRITICAL - 2024-10-27 02:12:30 --> Undefined offset: 0
#0 /Users/macbookprom2/Desktop/PROJECT/silaju.unifa.ac.id/RPL-RF/app/Controllers/Admin.php(2601): CodeIgniter\Debug\Exceptions->errorHandler(8, 'Undefined offse...', '/Users/macbookp...', 2601, Array)
#1 /Users/macbookprom2/Desktop/PROJECT/silaju.unifa.ac.id/RPL-RF/app/Controllers/Admin.php(2611): App\Controllers\Admin->getasessorbynoregis('assets')
#2 /Users/macbookprom2/Desktop/PROJECT/silaju.unifa.ac.id/RPL-RF/vendor/codeigniter4/framework/system/CodeIgniter.php(931): App\Controllers\Admin->tanggapanAsessor('assets', 'images', 'logo.svg')
#3 /Users/macbookprom2/Desktop/PROJECT/silaju.unifa.ac.id/RPL-RF/vendor/codeigniter4/framework/system/CodeIgniter.php(439): CodeIgniter\CodeIgniter->runController(Object(App\Controllers\Admin))
#4 /Users/macbookprom2/Desktop/PROJECT/silaju.unifa.ac.id/RPL-RF/vendor/codeigniter4/framework/system/CodeIgniter.php(339): CodeIgniter\CodeIgniter->handleRequest(NULL, Object(Config\Cache), false)
#5 /Users/macbookprom2/Desktop/PROJECT/silaju.unifa.ac.id/RPL-RF/public/index.php(45): CodeIgniter\CodeIgniter->run()
#6 /Users/macbookprom2/Desktop/PROJECT/silaju.unifa.ac.id/RPL-RF/vendor/codeigniter4/framework/system/Commands/Server/rewrite.php(45): require_once('/Users/macbookp...')
#7 {main}
CRITICAL - 2024-10-27 02:12:30 --> Undefined offset: 0
#0 /Users/macbookprom2/Desktop/PROJECT/silaju.unifa.ac.id/RPL-RF/app/Controllers/Admin.php(2601): CodeIgniter\Debug\Exceptions->errorHandler(8, 'Undefined offse...', '/Users/macbookp...', 2601, Array)
#1 /Users/macbookprom2/Desktop/PROJECT/silaju.unifa.ac.id/RPL-RF/app/Controllers/Admin.php(2611): App\Controllers\Admin->getasessorbynoregis('assets')
#2 /Users/macbookprom2/Desktop/PROJECT/silaju.unifa.ac.id/RPL-RF/vendor/codeigniter4/framework/system/CodeIgniter.php(931): App\Controllers\Admin->tanggapanAsessor('assets', 'images', 'logo-dark.png')
#3 /Users/macbookprom2/Desktop/PROJECT/silaju.unifa.ac.id/RPL-RF/vendor/codeigniter4/framework/system/CodeIgniter.php(439): CodeIgniter\CodeIgniter->runController(Object(App\Controllers\Admin))
#4 /Users/macbookprom2/Desktop/PROJECT/silaju.unifa.ac.id/RPL-RF/vendor/codeigniter4/framework/system/CodeIgniter.php(339): CodeIgniter\CodeIgniter->handleRequest(NULL, Object(Config\Cache), false)
#5 /Users/macbookprom2/Desktop/PROJECT/silaju.unifa.ac.id/RPL-RF/public/index.php(45): CodeIgniter\CodeIgniter->run()
#6 /Users/macbookprom2/Desktop/PROJECT/silaju.unifa.ac.id/RPL-RF/vendor/codeigniter4/framework/system/Commands/Server/rewrite.php(45): require_once('/Users/macbookp...')
#7 {main}
CRITICAL - 2024-10-27 02:13:39 --> Undefined offset: 0
#0 /Users/macbookprom2/Desktop/PROJECT/silaju.unifa.ac.id/RPL-RF/app/Controllers/Admin.php(2601): CodeIgniter\Debug\Exceptions->errorHandler(8, 'Undefined offse...', '/Users/macbookp...', 2601, Array)
#1 /Users/macbookprom2/Desktop/PROJECT/silaju.unifa.ac.id/RPL-RF/app/Controllers/Admin.php(2611): App\Controllers\Admin->getasessorbynoregis('assets')
#2 /Users/macbookprom2/Desktop/PROJECT/silaju.unifa.ac.id/RPL-RF/vendor/codeigniter4/framework/system/CodeIgniter.php(931): App\Controllers\Admin->tanggapanAsessor('assets', 'images', 'logo.svg')
#3 /Users/macbookprom2/Desktop/PROJECT/silaju.unifa.ac.id/RPL-RF/vendor/codeigniter4/framework/system/CodeIgniter.php(439): CodeIgniter\CodeIgniter->runController(Object(App\Controllers\Admin))
#4 /Users/macbookprom2/Desktop/PROJECT/silaju.unifa.ac.id/RPL-RF/vendor/codeigniter4/framework/system/CodeIgniter.php(339): CodeIgniter\CodeIgniter->handleRequest(NULL, Object(Config\Cache), false)
#5 /Users/macbookprom2/Desktop/PROJECT/silaju.unifa.ac.id/RPL-RF/public/index.php(45): CodeIgniter\CodeIgniter->run()
#6 /Users/macbookprom2/Desktop/PROJECT/silaju.unifa.ac.id/RPL-RF/vendor/codeigniter4/framework/system/Commands/Server/rewrite.php(45): require_once('/Users/macbookp...')
#7 {main}
CRITICAL - 2024-10-27 02:13:39 --> Undefined offset: 0
#0 /Users/macbookprom2/Desktop/PROJECT/silaju.unifa.ac.id/RPL-RF/app/Controllers/Admin.php(2601): CodeIgniter\Debug\Exceptions->errorHandler(8, 'Undefined offse...', '/Users/macbookp...', 2601, Array)
#1 /Users/macbookprom2/Desktop/PROJECT/silaju.unifa.ac.id/RPL-RF/app/Controllers/Admin.php(2611): App\Controllers\Admin->getasessorbynoregis('assets')
#2 /Users/macbookprom2/Desktop/PROJECT/silaju.unifa.ac.id/RPL-RF/vendor/codeigniter4/framework/system/CodeIgniter.php(931): App\Controllers\Admin->tanggapanAsessor('assets', 'images', 'logo-dark.png')
#3 /Users/macbookprom2/Desktop/PROJECT/silaju.unifa.ac.id/RPL-RF/vendor/codeigniter4/framework/system/CodeIgniter.php(439): CodeIgniter\CodeIgniter->runController(Object(App\Controllers\Admin))
#4 /Users/macbookprom2/Desktop/PROJECT/silaju.unifa.ac.id/RPL-RF/vendor/codeigniter4/framework/system/CodeIgniter.php(339): CodeIgniter\CodeIgniter->handleRequest(NULL, Object(Config\Cache), false)
#5 /Users/macbookprom2/Desktop/PROJECT/silaju.unifa.ac.id/RPL-RF/public/index.php(45): CodeIgniter\CodeIgniter->run()
#6 /Users/macbookprom2/Desktop/PROJECT/silaju.unifa.ac.id/RPL-RF/vendor/codeigniter4/framework/system/Commands/Server/rewrite.php(45): require_once('/Users/macbookp...')
#7 {main}
CRITICAL - 2024-10-27 02:14:15 --> Undefined variable: dataMhsSudahMenanggapi
#0 /Users/macbookprom2/Desktop/PROJECT/silaju.unifa.ac.id/RPL-RF/app/Views/Admin/rpl-home-asessor.php(182): CodeIgniter\Debug\Exceptions->errorHandler(8, 'Undefined varia...', '/Users/macbookp...', 182, Array)
#1 /Users/macbookprom2/Desktop/PROJECT/silaju.unifa.ac.id/RPL-RF/vendor/codeigniter4/framework/system/View/View.php(230): include('/Users/macbookp...')
#2 /Users/macbookprom2/Desktop/PROJECT/silaju.unifa.ac.id/RPL-RF/vendor/codeigniter4/framework/system/View/View.php(232): CodeIgniter\View\View->CodeIgniter\View\{closure}()
#3 /Users/macbookprom2/Desktop/PROJECT/silaju.unifa.ac.id/RPL-RF/vendor/codeigniter4/framework/system/Common.php(1250): CodeIgniter\View\View->render('Admin/rpl-home-...', Array, true)
#4 /Users/macbookprom2/Desktop/PROJECT/silaju.unifa.ac.id/RPL-RF/app/Controllers/Admin.php(3103): view('Admin/rpl-home-...', Array)
#5 /Users/macbookprom2/Desktop/PROJECT/silaju.unifa.ac.id/RPL-RF/vendor/codeigniter4/framework/system/CodeIgniter.php(931): App\Controllers\Admin->batalklaimasessor('20231-0270')
#6 /Users/macbookprom2/Desktop/PROJECT/silaju.unifa.ac.id/RPL-RF/vendor/codeigniter4/framework/system/CodeIgniter.php(439): CodeIgniter\CodeIgniter->runController(Object(App\Controllers\Admin))
#7 /Users/macbookprom2/Desktop/PROJECT/silaju.unifa.ac.id/RPL-RF/vendor/codeigniter4/framework/system/CodeIgniter.php(339): CodeIgniter\CodeIgniter->handleRequest(NULL, Object(Config\Cache), false)
#8 /Users/macbookprom2/Desktop/PROJECT/silaju.unifa.ac.id/RPL-RF/public/index.php(45): CodeIgniter\CodeIgniter->run()
#9 /Users/macbookprom2/Desktop/PROJECT/silaju.unifa.ac.id/RPL-RF/vendor/codeigniter4/framework/system/Commands/Server/rewrite.php(45): require_once('/Users/macbookp...')
#10 {main}
CRITICAL - 2024-10-27 02:14:43 --> Undefined offset: 0
#0 /Users/macbookprom2/Desktop/PROJECT/silaju.unifa.ac.id/RPL-RF/app/Controllers/Admin.php(2601): CodeIgniter\Debug\Exceptions->errorHandler(8, 'Undefined offse...', '/Users/macbookp...', 2601, Array)
#1 /Users/macbookprom2/Desktop/PROJECT/silaju.unifa.ac.id/RPL-RF/app/Controllers/Admin.php(2611): App\Controllers\Admin->getasessorbynoregis('assets')
#2 /Users/macbookprom2/Desktop/PROJECT/silaju.unifa.ac.id/RPL-RF/vendor/codeigniter4/framework/system/CodeIgniter.php(931): App\Controllers\Admin->tanggapanAsessor('assets', 'images', 'logo.svg')
#3 /Users/macbookprom2/Desktop/PROJECT/silaju.unifa.ac.id/RPL-RF/vendor/codeigniter4/framework/system/CodeIgniter.php(439): CodeIgniter\CodeIgniter->runController(Object(App\Controllers\Admin))
#4 /Users/macbookprom2/Desktop/PROJECT/silaju.unifa.ac.id/RPL-RF/vendor/codeigniter4/framework/system/CodeIgniter.php(339): CodeIgniter\CodeIgniter->handleRequest(NULL, Object(Config\Cache), false)
#5 /Users/macbookprom2/Desktop/PROJECT/silaju.unifa.ac.id/RPL-RF/public/index.php(45): CodeIgniter\CodeIgniter->run()
#6 /Users/macbookprom2/Desktop/PROJECT/silaju.unifa.ac.id/RPL-RF/vendor/codeigniter4/framework/system/Commands/Server/rewrite.php(45): require_once('/Users/macbookp...')
#7 {main}
CRITICAL - 2024-10-27 02:14:43 --> Undefined offset: 0
#0 /Users/macbookprom2/Desktop/PROJECT/silaju.unifa.ac.id/RPL-RF/app/Controllers/Admin.php(2601): CodeIgniter\Debug\Exceptions->errorHandler(8, 'Undefined offse...', '/Users/macbookp...', 2601, Array)
#1 /Users/macbookprom2/Desktop/PROJECT/silaju.unifa.ac.id/RPL-RF/app/Controllers/Admin.php(2611): App\Controllers\Admin->getasessorbynoregis('assets')
#2 /Users/macbookprom2/Desktop/PROJECT/silaju.unifa.ac.id/RPL-RF/vendor/codeigniter4/framework/system/CodeIgniter.php(931): App\Controllers\Admin->tanggapanAsessor('assets', 'images', 'logo-dark.png')
#3 /Users/macbookprom2/Desktop/PROJECT/silaju.unifa.ac.id/RPL-RF/vendor/codeigniter4/framework/system/CodeIgniter.php(439): CodeIgniter\CodeIgniter->runController(Object(App\Controllers\Admin))
#4 /Users/macbookprom2/Desktop/PROJECT/silaju.unifa.ac.id/RPL-RF/vendor/codeigniter4/framework/system/CodeIgniter.php(339): CodeIgniter\CodeIgniter->handleRequest(NULL, Object(Config\Cache), false)
#5 /Users/macbookprom2/Desktop/PROJECT/silaju.unifa.ac.id/RPL-RF/public/index.php(45): CodeIgniter\CodeIgniter->run()
#6 /Users/macbookprom2/Desktop/PROJECT/silaju.unifa.ac.id/RPL-RF/vendor/codeigniter4/framework/system/Commands/Server/rewrite.php(45): require_once('/Users/macbookp...')
#7 {main}
CRITICAL - 2024-10-27 02:14:52 --> Undefined offset: 0
#0 /Users/macbookprom2/Desktop/PROJECT/silaju.unifa.ac.id/RPL-RF/app/Controllers/Admin.php(2601): CodeIgniter\Debug\Exceptions->errorHandler(8, 'Undefined offse...', '/Users/macbookp...', 2601, Array)
#1 /Users/macbookprom2/Desktop/PROJECT/silaju.unifa.ac.id/RPL-RF/app/Controllers/Admin.php(2611): App\Controllers\Admin->getasessorbynoregis('assets')
#2 /Users/macbookprom2/Desktop/PROJECT/silaju.unifa.ac.id/RPL-RF/vendor/codeigniter4/framework/system/CodeIgniter.php(931): App\Controllers\Admin->tanggapanAsessor('assets', 'images', 'logo.svg')
#3 /Users/macbookprom2/Desktop/PROJECT/silaju.unifa.ac.id/RPL-RF/vendor/codeigniter4/framework/system/CodeIgniter.php(439): CodeIgniter\CodeIgniter->runController(Object(App\Controllers\Admin))
#4 /Users/macbookprom2/Desktop/PROJECT/silaju.unifa.ac.id/RPL-RF/vendor/codeigniter4/framework/system/CodeIgniter.php(339): CodeIgniter\CodeIgniter->handleRequest(NULL, Object(Config\Cache), false)
#5 /Users/macbookprom2/Desktop/PROJECT/silaju.unifa.ac.id/RPL-RF/public/index.php(45): CodeIgniter\CodeIgniter->run()
#6 /Users/macbookprom2/Desktop/PROJECT/silaju.unifa.ac.id/RPL-RF/vendor/codeigniter4/framework/system/Commands/Server/rewrite.php(45): require_once('/Users/macbookp...')
#7 {main}
CRITICAL - 2024-10-27 02:14:52 --> Undefined offset: 0
#0 /Users/macbookprom2/Desktop/PROJECT/silaju.unifa.ac.id/RPL-RF/app/Controllers/Admin.php(2601): CodeIgniter\Debug\Exceptions->errorHandler(8, 'Undefined offse...', '/Users/macbookp...', 2601, Array)
#1 /Users/macbookprom2/Desktop/PROJECT/silaju.unifa.ac.id/RPL-RF/app/Controllers/Admin.php(2611): App\Controllers\Admin->getasessorbynoregis('assets')
#2 /Users/macbookprom2/Desktop/PROJECT/silaju.unifa.ac.id/RPL-RF/vendor/codeigniter4/framework/system/CodeIgniter.php(931): App\Controllers\Admin->tanggapanAsessor('assets', 'images', 'logo-dark.png')
#3 /Users/macbookprom2/Desktop/PROJECT/silaju.unifa.ac.id/RPL-RF/vendor/codeigniter4/framework/system/CodeIgniter.php(439): CodeIgniter\CodeIgniter->runController(Object(App\Controllers\Admin))
#4 /Users/macbookprom2/Desktop/PROJECT/silaju.unifa.ac.id/RPL-RF/vendor/codeigniter4/framework/system/CodeIgniter.php(339): CodeIgniter\CodeIgniter->handleRequest(NULL, Object(Config\Cache), false)
#5 /Users/macbookprom2/Desktop/PROJECT/silaju.unifa.ac.id/RPL-RF/public/index.php(45): CodeIgniter\CodeIgniter->run()
#6 /Users/macbookprom2/Desktop/PROJECT/silaju.unifa.ac.id/RPL-RF/vendor/codeigniter4/framework/system/Commands/Server/rewrite.php(45): require_once('/Users/macbookp...')
#7 {main}
CRITICAL - 2024-10-27 02:15:07 --> Undefined variable: dataMhsSudahMenanggapi
#0 /Users/macbookprom2/Desktop/PROJECT/silaju.unifa.ac.id/RPL-RF/app/Views/Admin/rpl-home-asessor.php(182): CodeIgniter\Debug\Exceptions->errorHandler(8, 'Undefined varia...', '/Users/macbookp...', 182, Array)
#1 /Users/macbookprom2/Desktop/PROJECT/silaju.unifa.ac.id/RPL-RF/vendor/codeigniter4/framework/system/View/View.php(230): include('/Users/macbookp...')
#2 /Users/macbookprom2/Desktop/PROJECT/silaju.unifa.ac.id/RPL-RF/vendor/codeigniter4/framework/system/View/View.php(232): CodeIgniter\View\View->CodeIgniter\View\{closure}()
#3 /Users/macbookprom2/Desktop/PROJECT/silaju.unifa.ac.id/RPL-RF/vendor/codeigniter4/framework/system/Common.php(1250): CodeIgniter\View\View->render('Admin/rpl-home-...', Array, true)
#4 /Users/macbookprom2/Desktop/PROJECT/silaju.unifa.ac.id/RPL-RF/app/Controllers/Admin.php(3103): view('Admin/rpl-home-...', Array)
#5 /Users/macbookprom2/Desktop/PROJECT/silaju.unifa.ac.id/RPL-RF/vendor/codeigniter4/framework/system/CodeIgniter.php(931): App\Controllers\Admin->batalklaimasessor('20231-0270')
#6 /Users/macbookprom2/Desktop/PROJECT/silaju.unifa.ac.id/RPL-RF/vendor/codeigniter4/framework/system/CodeIgniter.php(439): CodeIgniter\CodeIgniter->runController(Object(App\Controllers\Admin))
#7 /Users/macbookprom2/Desktop/PROJECT/silaju.unifa.ac.id/RPL-RF/vendor/codeigniter4/framework/system/CodeIgniter.php(339): CodeIgniter\CodeIgniter->handleRequest(NULL, Object(Config\Cache), false)
#8 /Users/macbookprom2/Desktop/PROJECT/silaju.unifa.ac.id/RPL-RF/public/index.php(45): CodeIgniter\CodeIgniter->run()
#9 /Users/macbookprom2/Desktop/PROJECT/silaju.unifa.ac.id/RPL-RF/vendor/codeigniter4/framework/system/Commands/Server/rewrite.php(45): require_once('/Users/macbookp...')
#10 {main}
CRITICAL - 2024-10-27 02:19:45 --> Undefined offset: 0
#0 /Users/macbookprom2/Desktop/PROJECT/silaju.unifa.ac.id/RPL-RF/app/Controllers/Admin.php(2601): CodeIgniter\Debug\Exceptions->errorHandler(8, 'Undefined offse...', '/Users/macbookp...', 2601, Array)
#1 /Users/macbookprom2/Desktop/PROJECT/silaju.unifa.ac.id/RPL-RF/app/Controllers/Admin.php(2611): App\Controllers\Admin->getasessorbynoregis('assets')
#2 /Users/macbookprom2/Desktop/PROJECT/silaju.unifa.ac.id/RPL-RF/vendor/codeigniter4/framework/system/CodeIgniter.php(931): App\Controllers\Admin->tanggapanAsessor('assets', 'images', 'logo.svg')
#3 /Users/macbookprom2/Desktop/PROJECT/silaju.unifa.ac.id/RPL-RF/vendor/codeigniter4/framework/system/CodeIgniter.php(439): CodeIgniter\CodeIgniter->runController(Object(App\Controllers\Admin))
#4 /Users/macbookprom2/Desktop/PROJECT/silaju.unifa.ac.id/RPL-RF/vendor/codeigniter4/framework/system/CodeIgniter.php(339): CodeIgniter\CodeIgniter->handleRequest(NULL, Object(Config\Cache), false)
#5 /Users/macbookprom2/Desktop/PROJECT/silaju.unifa.ac.id/RPL-RF/public/index.php(45): CodeIgniter\CodeIgniter->run()
#6 /Users/macbookprom2/Desktop/PROJECT/silaju.unifa.ac.id/RPL-RF/vendor/codeigniter4/framework/system/Commands/Server/rewrite.php(45): require_once('/Users/macbookp...')
#7 {main}
CRITICAL - 2024-10-27 02:19:45 --> Undefined offset: 0
#0 /Users/macbookprom2/Desktop/PROJECT/silaju.unifa.ac.id/RPL-RF/app/Controllers/Admin.php(2601): CodeIgniter\Debug\Exceptions->errorHandler(8, 'Undefined offse...', '/Users/macbookp...', 2601, Array)
#1 /Users/macbookprom2/Desktop/PROJECT/silaju.unifa.ac.id/RPL-RF/app/Controllers/Admin.php(2611): App\Controllers\Admin->getasessorbynoregis('assets')
#2 /Users/macbookprom2/Desktop/PROJECT/silaju.unifa.ac.id/RPL-RF/vendor/codeigniter4/framework/system/CodeIgniter.php(931): App\Controllers\Admin->tanggapanAsessor('assets', 'images', 'logo-dark.png')
#3 /Users/macbookprom2/Desktop/PROJECT/silaju.unifa.ac.id/RPL-RF/vendor/codeigniter4/framework/system/CodeIgniter.php(439): CodeIgniter\CodeIgniter->runController(Object(App\Controllers\Admin))
#4 /Users/macbookprom2/Desktop/PROJECT/silaju.unifa.ac.id/RPL-RF/vendor/codeigniter4/framework/system/CodeIgniter.php(339): CodeIgniter\CodeIgniter->handleRequest(NULL, Object(Config\Cache), false)
#5 /Users/macbookprom2/Desktop/PROJECT/silaju.unifa.ac.id/RPL-RF/public/index.php(45): CodeIgniter\CodeIgniter->run()
#6 /Users/macbookprom2/Desktop/PROJECT/silaju.unifa.ac.id/RPL-RF/vendor/codeigniter4/framework/system/Commands/Server/rewrite.php(45): require_once('/Users/macbookp...')
#7 {main}
