CRITICAL - 2025-02-03 03:21:35 --> Constant FILTER_SANITIZE_STRING is deprecated
#0 /Users/macbookprom2/Desktop/PROJECT/silaju.unifa.ac.id/RPL-RF/vendor/codeigniter4/framework/system/HTTP/CLIRequest.php(205): CodeIgniter\Debug\Exceptions->errorHandler(8192, 'Constant FILTER...', '/Users/macbookp...', 205)
#1 /Users/macbookprom2/Desktop/PROJECT/silaju.unifa.ac.id/RPL-RF/vendor/codeigniter4/framework/system/HTTP/CLIRequest.php(70): CodeIgniter\HTTP\CLIRequest->parseCommand()
#2 /Users/macbookprom2/Desktop/PROJECT/silaju.unifa.ac.id/RPL-RF/vendor/codeigniter4/framework/system/Config/Services.php(133): CodeIgniter\HTTP\CLIRequest->__construct(Object(Config\App))
#3 /Users/macbookprom2/Desktop/PROJECT/silaju.unifa.ac.id/RPL-RF/vendor/codeigniter4/framework/system/Config/BaseService.php(192): CodeIgniter\Config\Services::clirequest(Object(Config\App), false)
#4 /Users/macbookprom2/Desktop/PROJECT/silaju.unifa.ac.id/RPL-RF/vendor/codeigniter4/framework/system/Config/Services.php(128): CodeIgniter\Config\BaseService::getSharedInstance('clirequest', Object(Config\App))
#5 /Users/macbookprom2/Desktop/PROJECT/silaju.unifa.ac.id/RPL-RF/vendor/codeigniter4/framework/system/CodeIgniter.php(589): CodeIgniter\Config\Services::clirequest(Object(Config\App))
#6 /Users/macbookprom2/Desktop/PROJECT/silaju.unifa.ac.id/RPL-RF/vendor/codeigniter4/framework/system/CodeIgniter.php(312): CodeIgniter\CodeIgniter->getRequestObject()
#7 /Users/macbookprom2/Desktop/PROJECT/silaju.unifa.ac.id/RPL-RF/vendor/codeigniter4/framework/system/CLI/Console.php(61): CodeIgniter\CodeIgniter->run()
#8 /Users/macbookprom2/Desktop/PROJECT/silaju.unifa.ac.id/RPL-RF/spark(57): CodeIgniter\CLI\Console->run()
#9 {main}
CRITICAL - 2025-02-03 03:38:10 --> Expression #2 of SELECT list is not in GROUP BY clause and contains nonaggregated column 'rpl.uf.01.11.23.bio_peserta.nama' which is not functionally dependent on columns in GROUP BY clause; this is incompatible with sql_mode=only_full_group_by
#0 /Users/macbookprom2/Desktop/PROJECT/silaju.unifa.ac.id/RPL-RF/vendor/codeigniter4/framework/system/Database/MySQLi/Connection.php(329): mysqli->query('(SELECT\n       ...')
#1 /Users/macbookprom2/Desktop/PROJECT/silaju.unifa.ac.id/RPL-RF/vendor/codeigniter4/framework/system/Database/BaseConnection.php(732): CodeIgniter\Database\MySQLi\Connection->execute('(SELECT\n       ...')
#2 /Users/macbookprom2/Desktop/PROJECT/silaju.unifa.ac.id/RPL-RF/vendor/codeigniter4/framework/system/Database/BaseConnection.php(647): CodeIgniter\Database\BaseConnection->simpleQuery('(SELECT\n       ...')
#3 /Users/macbookprom2/Desktop/PROJECT/silaju.unifa.ac.id/RPL-RF/app/Models/ModelPesertaAsessor.php(139): CodeIgniter\Database\BaseConnection->query('(SELECT\n       ...')
#4 /Users/macbookprom2/Desktop/PROJECT/silaju.unifa.ac.id/RPL-RF/app/Controllers/Admin.php(79): App\Models\ModelPesertaAsessor->getdataPesertaBelumPunyaAsessorByProdi('62201', '20231')
#5 /Users/macbookprom2/Desktop/PROJECT/silaju.unifa.ac.id/RPL-RF/vendor/codeigniter4/framework/system/CodeIgniter.php(931): App\Controllers\Admin->index()
#6 /Users/macbookprom2/Desktop/PROJECT/silaju.unifa.ac.id/RPL-RF/vendor/codeigniter4/framework/system/CodeIgniter.php(439): CodeIgniter\CodeIgniter->runController(Object(App\Controllers\Admin))
#7 /Users/macbookprom2/Desktop/PROJECT/silaju.unifa.ac.id/RPL-RF/vendor/codeigniter4/framework/system/CodeIgniter.php(339): CodeIgniter\CodeIgniter->handleRequest(NULL, Object(Config\Cache), false)
#8 /Users/macbookprom2/Desktop/PROJECT/silaju.unifa.ac.id/RPL-RF/public/index.php(45): CodeIgniter\CodeIgniter->run()
#9 /Users/macbookprom2/Desktop/PROJECT/silaju.unifa.ac.id/RPL-RF/vendor/codeigniter4/framework/system/Commands/Server/rewrite.php(45): require_once('/Users/macbookp...')
#10 {main}
CRITICAL - 2025-02-03 03:39:37 --> Expression #2 of SELECT list is not in GROUP BY clause and contains nonaggregated column 'rpl.uf.01.11.23.bio_peserta.nama' which is not functionally dependent on columns in GROUP BY clause; this is incompatible with sql_mode=only_full_group_by
#0 /Users/macbookprom2/Desktop/PROJECT/silaju.unifa.ac.id/RPL-RF/vendor/codeigniter4/framework/system/Database/MySQLi/Connection.php(329): mysqli->query('(SELECT\n       ...')
#1 /Users/macbookprom2/Desktop/PROJECT/silaju.unifa.ac.id/RPL-RF/vendor/codeigniter4/framework/system/Database/BaseConnection.php(732): CodeIgniter\Database\MySQLi\Connection->execute('(SELECT\n       ...')
#2 /Users/macbookprom2/Desktop/PROJECT/silaju.unifa.ac.id/RPL-RF/vendor/codeigniter4/framework/system/Database/BaseConnection.php(647): CodeIgniter\Database\BaseConnection->simpleQuery('(SELECT\n       ...')
#3 /Users/macbookprom2/Desktop/PROJECT/silaju.unifa.ac.id/RPL-RF/app/Models/ModelPesertaAsessor.php(139): CodeIgniter\Database\BaseConnection->query('(SELECT\n       ...')
#4 /Users/macbookprom2/Desktop/PROJECT/silaju.unifa.ac.id/RPL-RF/app/Controllers/Admin.php(79): App\Models\ModelPesertaAsessor->getdataPesertaBelumPunyaAsessorByProdi('62201', '20231')
#5 /Users/macbookprom2/Desktop/PROJECT/silaju.unifa.ac.id/RPL-RF/vendor/codeigniter4/framework/system/CodeIgniter.php(931): App\Controllers\Admin->index()
#6 /Users/macbookprom2/Desktop/PROJECT/silaju.unifa.ac.id/RPL-RF/vendor/codeigniter4/framework/system/CodeIgniter.php(439): CodeIgniter\CodeIgniter->runController(Object(App\Controllers\Admin))
#7 /Users/macbookprom2/Desktop/PROJECT/silaju.unifa.ac.id/RPL-RF/vendor/codeigniter4/framework/system/CodeIgniter.php(339): CodeIgniter\CodeIgniter->handleRequest(NULL, Object(Config\Cache), false)
#8 /Users/macbookprom2/Desktop/PROJECT/silaju.unifa.ac.id/RPL-RF/public/index.php(45): CodeIgniter\CodeIgniter->run()
#9 /Users/macbookprom2/Desktop/PROJECT/silaju.unifa.ac.id/RPL-RF/vendor/codeigniter4/framework/system/Commands/Server/rewrite.php(45): require_once('/Users/macbookp...')
#10 {main}
CRITICAL - 2025-02-03 03:52:52 --> Undefined variable: title_meta
#0 /Users/macbookprom2/Desktop/PROJECT/silaju.unifa.ac.id/RPL-RF/app/Views/auth/rpl-auth-login.php(6): CodeIgniter\Debug\Exceptions->errorHandler(8, 'Undefined varia...', '/Users/macbookp...', 6, Array)
#1 /Users/macbookprom2/Desktop/PROJECT/silaju.unifa.ac.id/RPL-RF/vendor/codeigniter4/framework/system/View/View.php(230): include('/Users/macbookp...')
#2 /Users/macbookprom2/Desktop/PROJECT/silaju.unifa.ac.id/RPL-RF/vendor/codeigniter4/framework/system/View/View.php(232): CodeIgniter\View\View->CodeIgniter\View\{closure}()
#3 /Users/macbookprom2/Desktop/PROJECT/silaju.unifa.ac.id/RPL-RF/vendor/codeigniter4/framework/system/Common.php(1250): CodeIgniter\View\View->render('auth/rpl-auth-l...', Array, true)
#4 /Users/macbookprom2/Desktop/PROJECT/silaju.unifa.ac.id/RPL-RF/app/Controllers/AuthController.php(127): view('auth/rpl-auth-l...', Array)
#5 /Users/macbookprom2/Desktop/PROJECT/silaju.unifa.ac.id/RPL-RF/vendor/codeigniter4/framework/system/CodeIgniter.php(931): App\Controllers\AuthController->login()
#6 /Users/macbookprom2/Desktop/PROJECT/silaju.unifa.ac.id/RPL-RF/vendor/codeigniter4/framework/system/CodeIgniter.php(439): CodeIgniter\CodeIgniter->runController(Object(App\Controllers\AuthController))
#7 /Users/macbookprom2/Desktop/PROJECT/silaju.unifa.ac.id/RPL-RF/vendor/codeigniter4/framework/system/CodeIgniter.php(339): CodeIgniter\CodeIgniter->handleRequest(NULL, Object(Config\Cache), false)
#8 /Users/macbookprom2/Desktop/PROJECT/silaju.unifa.ac.id/RPL-RF/public/index.php(45): CodeIgniter\CodeIgniter->run()
#9 /Users/macbookprom2/Desktop/PROJECT/silaju.unifa.ac.id/RPL-RF/vendor/codeigniter4/framework/system/Commands/Server/rewrite.php(45): require_once('/Users/macbookp...')
#10 {main}
CRITICAL - 2025-02-03 03:54:05 --> Undefined variable: title_meta
#0 /Users/macbookprom2/Desktop/PROJECT/silaju.unifa.ac.id/RPL-RF/app/Views/auth/rpl-auth-login.php(6): CodeIgniter\Debug\Exceptions->errorHandler(8, 'Undefined varia...', '/Users/macbookp...', 6, Array)
#1 /Users/macbookprom2/Desktop/PROJECT/silaju.unifa.ac.id/RPL-RF/vendor/codeigniter4/framework/system/View/View.php(230): include('/Users/macbookp...')
#2 /Users/macbookprom2/Desktop/PROJECT/silaju.unifa.ac.id/RPL-RF/vendor/codeigniter4/framework/system/View/View.php(232): CodeIgniter\View\View->CodeIgniter\View\{closure}()
#3 /Users/macbookprom2/Desktop/PROJECT/silaju.unifa.ac.id/RPL-RF/vendor/codeigniter4/framework/system/Common.php(1250): CodeIgniter\View\View->render('auth/rpl-auth-l...', Array, true)
#4 /Users/macbookprom2/Desktop/PROJECT/silaju.unifa.ac.id/RPL-RF/app/Controllers/AuthController.php(128): view('auth/rpl-auth-l...', Array)
#5 /Users/macbookprom2/Desktop/PROJECT/silaju.unifa.ac.id/RPL-RF/vendor/codeigniter4/framework/system/CodeIgniter.php(931): App\Controllers\AuthController->login()
#6 /Users/macbookprom2/Desktop/PROJECT/silaju.unifa.ac.id/RPL-RF/vendor/codeigniter4/framework/system/CodeIgniter.php(439): CodeIgniter\CodeIgniter->runController(Object(App\Controllers\AuthController))
#7 /Users/macbookprom2/Desktop/PROJECT/silaju.unifa.ac.id/RPL-RF/vendor/codeigniter4/framework/system/CodeIgniter.php(339): CodeIgniter\CodeIgniter->handleRequest(NULL, Object(Config\Cache), false)
#8 /Users/macbookprom2/Desktop/PROJECT/silaju.unifa.ac.id/RPL-RF/public/index.php(45): CodeIgniter\CodeIgniter->run()
#9 /Users/macbookprom2/Desktop/PROJECT/silaju.unifa.ac.id/RPL-RF/vendor/codeigniter4/framework/system/Commands/Server/rewrite.php(45): require_once('/Users/macbookp...')
#10 {main}
CRITICAL - 2025-02-03 03:54:25 --> Call to a member function hasError() on string
#0 /Users/macbookprom2/Desktop/PROJECT/silaju.unifa.ac.id/RPL-RF/vendor/codeigniter4/framework/system/View/View.php(230): include()
#1 /Users/macbookprom2/Desktop/PROJECT/silaju.unifa.ac.id/RPL-RF/vendor/codeigniter4/framework/system/View/View.php(232): CodeIgniter\View\View->CodeIgniter\View\{closure}()
#2 /Users/macbookprom2/Desktop/PROJECT/silaju.unifa.ac.id/RPL-RF/vendor/codeigniter4/framework/system/Common.php(1250): CodeIgniter\View\View->render('auth/rpl-auth-l...', Array, true)
#3 /Users/macbookprom2/Desktop/PROJECT/silaju.unifa.ac.id/RPL-RF/app/Controllers/AuthController.php(128): view('auth/rpl-auth-l...', Array)
#4 /Users/macbookprom2/Desktop/PROJECT/silaju.unifa.ac.id/RPL-RF/vendor/codeigniter4/framework/system/CodeIgniter.php(931): App\Controllers\AuthController->login()
#5 /Users/macbookprom2/Desktop/PROJECT/silaju.unifa.ac.id/RPL-RF/vendor/codeigniter4/framework/system/CodeIgniter.php(439): CodeIgniter\CodeIgniter->runController(Object(App\Controllers\AuthController))
#6 /Users/macbookprom2/Desktop/PROJECT/silaju.unifa.ac.id/RPL-RF/vendor/codeigniter4/framework/system/CodeIgniter.php(339): CodeIgniter\CodeIgniter->handleRequest(NULL, Object(Config\Cache), false)
#7 /Users/macbookprom2/Desktop/PROJECT/silaju.unifa.ac.id/RPL-RF/public/index.php(45): CodeIgniter\CodeIgniter->run()
#8 /Users/macbookprom2/Desktop/PROJECT/silaju.unifa.ac.id/RPL-RF/vendor/codeigniter4/framework/system/Commands/Server/rewrite.php(45): require_once('/Users/macbookp...')
#9 {main}
CRITICAL - 2025-02-03 03:57:29 --> Undefined variable: validation
#0 /Users/macbookprom2/Desktop/PROJECT/silaju.unifa.ac.id/RPL-RF/app/Views/auth/rpl-auth-login.php(76): CodeIgniter\Debug\Exceptions->errorHandler(8, 'Undefined varia...', '/Users/macbookp...', 76, Array)
#1 /Users/macbookprom2/Desktop/PROJECT/silaju.unifa.ac.id/RPL-RF/vendor/codeigniter4/framework/system/View/View.php(230): include('/Users/macbookp...')
#2 /Users/macbookprom2/Desktop/PROJECT/silaju.unifa.ac.id/RPL-RF/vendor/codeigniter4/framework/system/View/View.php(232): CodeIgniter\View\View->CodeIgniter\View\{closure}()
#3 /Users/macbookprom2/Desktop/PROJECT/silaju.unifa.ac.id/RPL-RF/vendor/codeigniter4/framework/system/Common.php(1250): CodeIgniter\View\View->render('auth/rpl-auth-l...', Array, true)
#4 /Users/macbookprom2/Desktop/PROJECT/silaju.unifa.ac.id/RPL-RF/app/Controllers/Front.php(1568): view('auth/rpl-auth-l...', Array)
#5 /Users/macbookprom2/Desktop/PROJECT/silaju.unifa.ac.id/RPL-RF/vendor/codeigniter4/framework/system/CodeIgniter.php(931): App\Controllers\Front->login()
#6 /Users/macbookprom2/Desktop/PROJECT/silaju.unifa.ac.id/RPL-RF/vendor/codeigniter4/framework/system/CodeIgniter.php(439): CodeIgniter\CodeIgniter->runController(Object(App\Controllers\Front))
#7 /Users/macbookprom2/Desktop/PROJECT/silaju.unifa.ac.id/RPL-RF/vendor/codeigniter4/framework/system/CodeIgniter.php(339): CodeIgniter\CodeIgniter->handleRequest(NULL, Object(Config\Cache), false)
#8 /Users/macbookprom2/Desktop/PROJECT/silaju.unifa.ac.id/RPL-RF/public/index.php(45): CodeIgniter\CodeIgniter->run()
#9 /Users/macbookprom2/Desktop/PROJECT/silaju.unifa.ac.id/RPL-RF/vendor/codeigniter4/framework/system/Commands/Server/rewrite.php(45): require_once('/Users/macbookp...')
#10 {main}
CRITICAL - 2025-02-03 04:00:52 --> Call to a member function hasError() on string
#0 /Users/macbookprom2/Desktop/PROJECT/silaju.unifa.ac.id/RPL-RF/vendor/codeigniter4/framework/system/View/View.php(230): include()
#1 /Users/macbookprom2/Desktop/PROJECT/silaju.unifa.ac.id/RPL-RF/vendor/codeigniter4/framework/system/View/View.php(232): CodeIgniter\View\View->CodeIgniter\View\{closure}()
#2 /Users/macbookprom2/Desktop/PROJECT/silaju.unifa.ac.id/RPL-RF/vendor/codeigniter4/framework/system/Common.php(1250): CodeIgniter\View\View->render('auth/rpl-auth-l...', Array, true)
#3 /Users/macbookprom2/Desktop/PROJECT/silaju.unifa.ac.id/RPL-RF/app/Controllers/AuthController.php(128): view('auth/rpl-auth-l...', Array)
#4 /Users/macbookprom2/Desktop/PROJECT/silaju.unifa.ac.id/RPL-RF/vendor/codeigniter4/framework/system/CodeIgniter.php(931): App\Controllers\AuthController->login()
#5 /Users/macbookprom2/Desktop/PROJECT/silaju.unifa.ac.id/RPL-RF/vendor/codeigniter4/framework/system/CodeIgniter.php(439): CodeIgniter\CodeIgniter->runController(Object(App\Controllers\AuthController))
#6 /Users/macbookprom2/Desktop/PROJECT/silaju.unifa.ac.id/RPL-RF/vendor/codeigniter4/framework/system/CodeIgniter.php(339): CodeIgniter\CodeIgniter->handleRequest(NULL, Object(Config\Cache), false)
#7 /Users/macbookprom2/Desktop/PROJECT/silaju.unifa.ac.id/RPL-RF/public/index.php(45): CodeIgniter\CodeIgniter->run()
#8 /Users/macbookprom2/Desktop/PROJECT/silaju.unifa.ac.id/RPL-RF/vendor/codeigniter4/framework/system/Commands/Server/rewrite.php(45): require_once('/Users/macbookp...')
#9 {main}
CRITICAL - 2025-02-03 04:03:38 --> Call to a member function hasError() on string
#0 /Users/macbookprom2/Desktop/PROJECT/silaju.unifa.ac.id/RPL-RF/vendor/codeigniter4/framework/system/View/View.php(230): include()
#1 /Users/macbookprom2/Desktop/PROJECT/silaju.unifa.ac.id/RPL-RF/vendor/codeigniter4/framework/system/View/View.php(232): CodeIgniter\View\View->CodeIgniter\View\{closure}()
#2 /Users/macbookprom2/Desktop/PROJECT/silaju.unifa.ac.id/RPL-RF/vendor/codeigniter4/framework/system/Common.php(1250): CodeIgniter\View\View->render('auth/rpl-auth-l...', Array, true)
#3 /Users/macbookprom2/Desktop/PROJECT/silaju.unifa.ac.id/RPL-RF/app/Controllers/AuthController.php(129): view('auth/rpl-auth-l...', Array)
#4 /Users/macbookprom2/Desktop/PROJECT/silaju.unifa.ac.id/RPL-RF/vendor/codeigniter4/framework/system/CodeIgniter.php(931): App\Controllers\AuthController->login()
#5 /Users/macbookprom2/Desktop/PROJECT/silaju.unifa.ac.id/RPL-RF/vendor/codeigniter4/framework/system/CodeIgniter.php(439): CodeIgniter\CodeIgniter->runController(Object(App\Controllers\AuthController))
#6 /Users/macbookprom2/Desktop/PROJECT/silaju.unifa.ac.id/RPL-RF/vendor/codeigniter4/framework/system/CodeIgniter.php(339): CodeIgniter\CodeIgniter->handleRequest(NULL, Object(Config\Cache), false)
#7 /Users/macbookprom2/Desktop/PROJECT/silaju.unifa.ac.id/RPL-RF/public/index.php(45): CodeIgniter\CodeIgniter->run()
#8 /Users/macbookprom2/Desktop/PROJECT/silaju.unifa.ac.id/RPL-RF/vendor/codeigniter4/framework/system/Commands/Server/rewrite.php(45): require_once('/Users/macbookp...')
#9 {main}
CRITICAL - 2025-02-03 04:03:40 --> Call to a member function hasError() on string
#0 /Users/macbookprom2/Desktop/PROJECT/silaju.unifa.ac.id/RPL-RF/vendor/codeigniter4/framework/system/View/View.php(230): include()
#1 /Users/macbookprom2/Desktop/PROJECT/silaju.unifa.ac.id/RPL-RF/vendor/codeigniter4/framework/system/View/View.php(232): CodeIgniter\View\View->CodeIgniter\View\{closure}()
#2 /Users/macbookprom2/Desktop/PROJECT/silaju.unifa.ac.id/RPL-RF/vendor/codeigniter4/framework/system/Common.php(1250): CodeIgniter\View\View->render('auth/rpl-auth-l...', Array, true)
#3 /Users/macbookprom2/Desktop/PROJECT/silaju.unifa.ac.id/RPL-RF/app/Controllers/AuthController.php(129): view('auth/rpl-auth-l...', Array)
#4 /Users/macbookprom2/Desktop/PROJECT/silaju.unifa.ac.id/RPL-RF/vendor/codeigniter4/framework/system/CodeIgniter.php(931): App\Controllers\AuthController->login()
#5 /Users/macbookprom2/Desktop/PROJECT/silaju.unifa.ac.id/RPL-RF/vendor/codeigniter4/framework/system/CodeIgniter.php(439): CodeIgniter\CodeIgniter->runController(Object(App\Controllers\AuthController))
#6 /Users/macbookprom2/Desktop/PROJECT/silaju.unifa.ac.id/RPL-RF/vendor/codeigniter4/framework/system/CodeIgniter.php(339): CodeIgniter\CodeIgniter->handleRequest(NULL, Object(Config\Cache), false)
#7 /Users/macbookprom2/Desktop/PROJECT/silaju.unifa.ac.id/RPL-RF/public/index.php(45): CodeIgniter\CodeIgniter->run()
#8 /Users/macbookprom2/Desktop/PROJECT/silaju.unifa.ac.id/RPL-RF/vendor/codeigniter4/framework/system/Commands/Server/rewrite.php(45): require_once('/Users/macbookp...')
#9 {main}
CRITICAL - 2025-02-03 04:04:03 --> Call to a member function hasError() on string
#0 /Users/macbookprom2/Desktop/PROJECT/silaju.unifa.ac.id/RPL-RF/vendor/codeigniter4/framework/system/View/View.php(230): include()
#1 /Users/macbookprom2/Desktop/PROJECT/silaju.unifa.ac.id/RPL-RF/vendor/codeigniter4/framework/system/View/View.php(232): CodeIgniter\View\View->CodeIgniter\View\{closure}()
#2 /Users/macbookprom2/Desktop/PROJECT/silaju.unifa.ac.id/RPL-RF/vendor/codeigniter4/framework/system/Common.php(1250): CodeIgniter\View\View->render('auth/rpl-auth-l...', Array, true)
#3 /Users/macbookprom2/Desktop/PROJECT/silaju.unifa.ac.id/RPL-RF/app/Controllers/AuthController.php(130): view('auth/rpl-auth-l...', Array)
#4 /Users/macbookprom2/Desktop/PROJECT/silaju.unifa.ac.id/RPL-RF/vendor/codeigniter4/framework/system/CodeIgniter.php(931): App\Controllers\AuthController->login()
#5 /Users/macbookprom2/Desktop/PROJECT/silaju.unifa.ac.id/RPL-RF/vendor/codeigniter4/framework/system/CodeIgniter.php(439): CodeIgniter\CodeIgniter->runController(Object(App\Controllers\AuthController))
#6 /Users/macbookprom2/Desktop/PROJECT/silaju.unifa.ac.id/RPL-RF/vendor/codeigniter4/framework/system/CodeIgniter.php(339): CodeIgniter\CodeIgniter->handleRequest(NULL, Object(Config\Cache), false)
#7 /Users/macbookprom2/Desktop/PROJECT/silaju.unifa.ac.id/RPL-RF/public/index.php(45): CodeIgniter\CodeIgniter->run()
#8 /Users/macbookprom2/Desktop/PROJECT/silaju.unifa.ac.id/RPL-RF/vendor/codeigniter4/framework/system/Commands/Server/rewrite.php(45): require_once('/Users/macbookp...')
#9 {main}
CRITICAL - 2025-02-03 04:04:04 --> Call to a member function hasError() on string
#0 /Users/macbookprom2/Desktop/PROJECT/silaju.unifa.ac.id/RPL-RF/vendor/codeigniter4/framework/system/View/View.php(230): include()
#1 /Users/macbookprom2/Desktop/PROJECT/silaju.unifa.ac.id/RPL-RF/vendor/codeigniter4/framework/system/View/View.php(232): CodeIgniter\View\View->CodeIgniter\View\{closure}()
#2 /Users/macbookprom2/Desktop/PROJECT/silaju.unifa.ac.id/RPL-RF/vendor/codeigniter4/framework/system/Common.php(1250): CodeIgniter\View\View->render('auth/rpl-auth-l...', Array, true)
#3 /Users/macbookprom2/Desktop/PROJECT/silaju.unifa.ac.id/RPL-RF/app/Controllers/AuthController.php(130): view('auth/rpl-auth-l...', Array)
#4 /Users/macbookprom2/Desktop/PROJECT/silaju.unifa.ac.id/RPL-RF/vendor/codeigniter4/framework/system/CodeIgniter.php(931): App\Controllers\AuthController->login()
#5 /Users/macbookprom2/Desktop/PROJECT/silaju.unifa.ac.id/RPL-RF/vendor/codeigniter4/framework/system/CodeIgniter.php(439): CodeIgniter\CodeIgniter->runController(Object(App\Controllers\AuthController))
#6 /Users/macbookprom2/Desktop/PROJECT/silaju.unifa.ac.id/RPL-RF/vendor/codeigniter4/framework/system/CodeIgniter.php(339): CodeIgniter\CodeIgniter->handleRequest(NULL, Object(Config\Cache), false)
#7 /Users/macbookprom2/Desktop/PROJECT/silaju.unifa.ac.id/RPL-RF/public/index.php(45): CodeIgniter\CodeIgniter->run()
#8 /Users/macbookprom2/Desktop/PROJECT/silaju.unifa.ac.id/RPL-RF/vendor/codeigniter4/framework/system/Commands/Server/rewrite.php(45): require_once('/Users/macbookp...')
#9 {main}
CRITICAL - 2025-02-03 04:05:02 --> Call to a member function hasError() on array
#0 /Users/macbookprom2/Desktop/PROJECT/silaju.unifa.ac.id/RPL-RF/vendor/codeigniter4/framework/system/View/View.php(230): include()
#1 /Users/macbookprom2/Desktop/PROJECT/silaju.unifa.ac.id/RPL-RF/vendor/codeigniter4/framework/system/View/View.php(232): CodeIgniter\View\View->CodeIgniter\View\{closure}()
#2 /Users/macbookprom2/Desktop/PROJECT/silaju.unifa.ac.id/RPL-RF/vendor/codeigniter4/framework/system/Common.php(1250): CodeIgniter\View\View->render('auth/rpl-auth-l...', Array, true)
#3 /Users/macbookprom2/Desktop/PROJECT/silaju.unifa.ac.id/RPL-RF/app/Controllers/AuthController.php(129): view('auth/rpl-auth-l...', Array)
#4 /Users/macbookprom2/Desktop/PROJECT/silaju.unifa.ac.id/RPL-RF/vendor/codeigniter4/framework/system/CodeIgniter.php(931): App\Controllers\AuthController->login()
#5 /Users/macbookprom2/Desktop/PROJECT/silaju.unifa.ac.id/RPL-RF/vendor/codeigniter4/framework/system/CodeIgniter.php(439): CodeIgniter\CodeIgniter->runController(Object(App\Controllers\AuthController))
#6 /Users/macbookprom2/Desktop/PROJECT/silaju.unifa.ac.id/RPL-RF/vendor/codeigniter4/framework/system/CodeIgniter.php(339): CodeIgniter\CodeIgniter->handleRequest(NULL, Object(Config\Cache), false)
#7 /Users/macbookprom2/Desktop/PROJECT/silaju.unifa.ac.id/RPL-RF/public/index.php(45): CodeIgniter\CodeIgniter->run()
#8 /Users/macbookprom2/Desktop/PROJECT/silaju.unifa.ac.id/RPL-RF/vendor/codeigniter4/framework/system/Commands/Server/rewrite.php(45): require_once('/Users/macbookp...')
#9 {main}
CRITICAL - 2025-02-03 04:05:04 --> Call to a member function hasError() on array
#0 /Users/macbookprom2/Desktop/PROJECT/silaju.unifa.ac.id/RPL-RF/vendor/codeigniter4/framework/system/View/View.php(230): include()
#1 /Users/macbookprom2/Desktop/PROJECT/silaju.unifa.ac.id/RPL-RF/vendor/codeigniter4/framework/system/View/View.php(232): CodeIgniter\View\View->CodeIgniter\View\{closure}()
#2 /Users/macbookprom2/Desktop/PROJECT/silaju.unifa.ac.id/RPL-RF/vendor/codeigniter4/framework/system/Common.php(1250): CodeIgniter\View\View->render('auth/rpl-auth-l...', Array, true)
#3 /Users/macbookprom2/Desktop/PROJECT/silaju.unifa.ac.id/RPL-RF/app/Controllers/AuthController.php(129): view('auth/rpl-auth-l...', Array)
#4 /Users/macbookprom2/Desktop/PROJECT/silaju.unifa.ac.id/RPL-RF/vendor/codeigniter4/framework/system/CodeIgniter.php(931): App\Controllers\AuthController->login()
#5 /Users/macbookprom2/Desktop/PROJECT/silaju.unifa.ac.id/RPL-RF/vendor/codeigniter4/framework/system/CodeIgniter.php(439): CodeIgniter\CodeIgniter->runController(Object(App\Controllers\AuthController))
#6 /Users/macbookprom2/Desktop/PROJECT/silaju.unifa.ac.id/RPL-RF/vendor/codeigniter4/framework/system/CodeIgniter.php(339): CodeIgniter\CodeIgniter->handleRequest(NULL, Object(Config\Cache), false)
#7 /Users/macbookprom2/Desktop/PROJECT/silaju.unifa.ac.id/RPL-RF/public/index.php(45): CodeIgniter\CodeIgniter->run()
#8 /Users/macbookprom2/Desktop/PROJECT/silaju.unifa.ac.id/RPL-RF/vendor/codeigniter4/framework/system/Commands/Server/rewrite.php(45): require_once('/Users/macbookp...')
#9 {main}
CRITICAL - 2025-02-03 04:05:32 --> Call to a member function hasError() on array
#0 /Users/macbookprom2/Desktop/PROJECT/silaju.unifa.ac.id/RPL-RF/vendor/codeigniter4/framework/system/View/View.php(230): include()
#1 /Users/macbookprom2/Desktop/PROJECT/silaju.unifa.ac.id/RPL-RF/vendor/codeigniter4/framework/system/View/View.php(232): CodeIgniter\View\View->CodeIgniter\View\{closure}()
#2 /Users/macbookprom2/Desktop/PROJECT/silaju.unifa.ac.id/RPL-RF/vendor/codeigniter4/framework/system/Common.php(1250): CodeIgniter\View\View->render('auth/rpl-auth-l...', Array, true)
#3 /Users/macbookprom2/Desktop/PROJECT/silaju.unifa.ac.id/RPL-RF/app/Controllers/AuthController.php(129): view('auth/rpl-auth-l...', Array)
#4 /Users/macbookprom2/Desktop/PROJECT/silaju.unifa.ac.id/RPL-RF/vendor/codeigniter4/framework/system/CodeIgniter.php(931): App\Controllers\AuthController->login()
#5 /Users/macbookprom2/Desktop/PROJECT/silaju.unifa.ac.id/RPL-RF/vendor/codeigniter4/framework/system/CodeIgniter.php(439): CodeIgniter\CodeIgniter->runController(Object(App\Controllers\AuthController))
#6 /Users/macbookprom2/Desktop/PROJECT/silaju.unifa.ac.id/RPL-RF/vendor/codeigniter4/framework/system/CodeIgniter.php(339): CodeIgniter\CodeIgniter->handleRequest(NULL, Object(Config\Cache), false)
#7 /Users/macbookprom2/Desktop/PROJECT/silaju.unifa.ac.id/RPL-RF/public/index.php(45): CodeIgniter\CodeIgniter->run()
#8 /Users/macbookprom2/Desktop/PROJECT/silaju.unifa.ac.id/RPL-RF/vendor/codeigniter4/framework/system/Commands/Server/rewrite.php(45): require_once('/Users/macbookp...')
#9 {main}
CRITICAL - 2025-02-03 04:05:54 --> Call to a member function hasError() on array
#0 /Users/macbookprom2/Desktop/PROJECT/silaju.unifa.ac.id/RPL-RF/vendor/codeigniter4/framework/system/View/View.php(230): include()
#1 /Users/macbookprom2/Desktop/PROJECT/silaju.unifa.ac.id/RPL-RF/vendor/codeigniter4/framework/system/View/View.php(232): CodeIgniter\View\View->CodeIgniter\View\{closure}()
#2 /Users/macbookprom2/Desktop/PROJECT/silaju.unifa.ac.id/RPL-RF/vendor/codeigniter4/framework/system/Common.php(1250): CodeIgniter\View\View->render('auth/rpl-auth-l...', Array, true)
#3 /Users/macbookprom2/Desktop/PROJECT/silaju.unifa.ac.id/RPL-RF/app/Controllers/AuthController.php(129): view('auth/rpl-auth-l...', Array)
#4 /Users/macbookprom2/Desktop/PROJECT/silaju.unifa.ac.id/RPL-RF/vendor/codeigniter4/framework/system/CodeIgniter.php(931): App\Controllers\AuthController->login()
#5 /Users/macbookprom2/Desktop/PROJECT/silaju.unifa.ac.id/RPL-RF/vendor/codeigniter4/framework/system/CodeIgniter.php(439): CodeIgniter\CodeIgniter->runController(Object(App\Controllers\AuthController))
#6 /Users/macbookprom2/Desktop/PROJECT/silaju.unifa.ac.id/RPL-RF/vendor/codeigniter4/framework/system/CodeIgniter.php(339): CodeIgniter\CodeIgniter->handleRequest(NULL, Object(Config\Cache), false)
#7 /Users/macbookprom2/Desktop/PROJECT/silaju.unifa.ac.id/RPL-RF/public/index.php(45): CodeIgniter\CodeIgniter->run()
#8 /Users/macbookprom2/Desktop/PROJECT/silaju.unifa.ac.id/RPL-RF/vendor/codeigniter4/framework/system/Commands/Server/rewrite.php(45): require_once('/Users/macbookp...')
#9 {main}
CRITICAL - 2025-02-03 04:09:20 --> Call to a member function hasError() on string
#0 /Users/macbookprom2/Desktop/PROJECT/silaju.unifa.ac.id/RPL-RF/vendor/codeigniter4/framework/system/View/View.php(230): include()
#1 /Users/macbookprom2/Desktop/PROJECT/silaju.unifa.ac.id/RPL-RF/vendor/codeigniter4/framework/system/View/View.php(232): CodeIgniter\View\View->CodeIgniter\View\{closure}()
#2 /Users/macbookprom2/Desktop/PROJECT/silaju.unifa.ac.id/RPL-RF/vendor/codeigniter4/framework/system/Common.php(1250): CodeIgniter\View\View->render('auth/rpl-auth-l...', Array, true)
#3 /Users/macbookprom2/Desktop/PROJECT/silaju.unifa.ac.id/RPL-RF/app/Controllers/AuthController.php(128): view('auth/rpl-auth-l...', Array)
#4 /Users/macbookprom2/Desktop/PROJECT/silaju.unifa.ac.id/RPL-RF/vendor/codeigniter4/framework/system/CodeIgniter.php(931): App\Controllers\AuthController->login()
#5 /Users/macbookprom2/Desktop/PROJECT/silaju.unifa.ac.id/RPL-RF/vendor/codeigniter4/framework/system/CodeIgniter.php(439): CodeIgniter\CodeIgniter->runController(Object(App\Controllers\AuthController))
#6 /Users/macbookprom2/Desktop/PROJECT/silaju.unifa.ac.id/RPL-RF/vendor/codeigniter4/framework/system/CodeIgniter.php(339): CodeIgniter\CodeIgniter->handleRequest(NULL, Object(Config\Cache), false)
#7 /Users/macbookprom2/Desktop/PROJECT/silaju.unifa.ac.id/RPL-RF/public/index.php(45): CodeIgniter\CodeIgniter->run()
#8 /Users/macbookprom2/Desktop/PROJECT/silaju.unifa.ac.id/RPL-RF/vendor/codeigniter4/framework/system/Commands/Server/rewrite.php(45): require_once('/Users/macbookp...')
#9 {main}
CRITICAL - 2025-02-03 04:10:21 --> Call to a member function hasError() on string
#0 /Users/macbookprom2/Desktop/PROJECT/silaju.unifa.ac.id/RPL-RF/vendor/codeigniter4/framework/system/View/View.php(230): include()
#1 /Users/macbookprom2/Desktop/PROJECT/silaju.unifa.ac.id/RPL-RF/vendor/codeigniter4/framework/system/View/View.php(232): CodeIgniter\View\View->CodeIgniter\View\{closure}()
#2 /Users/macbookprom2/Desktop/PROJECT/silaju.unifa.ac.id/RPL-RF/vendor/codeigniter4/framework/system/Common.php(1250): CodeIgniter\View\View->render('auth/rpl-auth-l...', Array, true)
#3 /Users/macbookprom2/Desktop/PROJECT/silaju.unifa.ac.id/RPL-RF/app/Controllers/AuthController.php(128): view('auth/rpl-auth-l...', Array)
#4 /Users/macbookprom2/Desktop/PROJECT/silaju.unifa.ac.id/RPL-RF/vendor/codeigniter4/framework/system/CodeIgniter.php(931): App\Controllers\AuthController->login()
#5 /Users/macbookprom2/Desktop/PROJECT/silaju.unifa.ac.id/RPL-RF/vendor/codeigniter4/framework/system/CodeIgniter.php(439): CodeIgniter\CodeIgniter->runController(Object(App\Controllers\AuthController))
#6 /Users/macbookprom2/Desktop/PROJECT/silaju.unifa.ac.id/RPL-RF/vendor/codeigniter4/framework/system/CodeIgniter.php(339): CodeIgniter\CodeIgniter->handleRequest(NULL, Object(Config\Cache), false)
#7 /Users/macbookprom2/Desktop/PROJECT/silaju.unifa.ac.id/RPL-RF/public/index.php(45): CodeIgniter\CodeIgniter->run()
#8 /Users/macbookprom2/Desktop/PROJECT/silaju.unifa.ac.id/RPL-RF/vendor/codeigniter4/framework/system/Commands/Server/rewrite.php(45): require_once('/Users/macbookp...')
#9 {main}
CRITICAL - 2025-02-03 04:10:24 --> Call to a member function hasError() on string
#0 /Users/macbookprom2/Desktop/PROJECT/silaju.unifa.ac.id/RPL-RF/vendor/codeigniter4/framework/system/View/View.php(230): include()
#1 /Users/macbookprom2/Desktop/PROJECT/silaju.unifa.ac.id/RPL-RF/vendor/codeigniter4/framework/system/View/View.php(232): CodeIgniter\View\View->CodeIgniter\View\{closure}()
#2 /Users/macbookprom2/Desktop/PROJECT/silaju.unifa.ac.id/RPL-RF/vendor/codeigniter4/framework/system/Common.php(1250): CodeIgniter\View\View->render('auth/rpl-auth-l...', Array, true)
#3 /Users/macbookprom2/Desktop/PROJECT/silaju.unifa.ac.id/RPL-RF/app/Controllers/AuthController.php(128): view('auth/rpl-auth-l...', Array)
#4 /Users/macbookprom2/Desktop/PROJECT/silaju.unifa.ac.id/RPL-RF/vendor/codeigniter4/framework/system/CodeIgniter.php(931): App\Controllers\AuthController->login()
#5 /Users/macbookprom2/Desktop/PROJECT/silaju.unifa.ac.id/RPL-RF/vendor/codeigniter4/framework/system/CodeIgniter.php(439): CodeIgniter\CodeIgniter->runController(Object(App\Controllers\AuthController))
#6 /Users/macbookprom2/Desktop/PROJECT/silaju.unifa.ac.id/RPL-RF/vendor/codeigniter4/framework/system/CodeIgniter.php(339): CodeIgniter\CodeIgniter->handleRequest(NULL, Object(Config\Cache), false)
#7 /Users/macbookprom2/Desktop/PROJECT/silaju.unifa.ac.id/RPL-RF/public/index.php(45): CodeIgniter\CodeIgniter->run()
#8 /Users/macbookprom2/Desktop/PROJECT/silaju.unifa.ac.id/RPL-RF/vendor/codeigniter4/framework/system/Commands/Server/rewrite.php(45): require_once('/Users/macbookp...')
#9 {main}
CRITICAL - 2025-02-03 04:10:29 --> Call to a member function hasError() on string
#0 /Users/macbookprom2/Desktop/PROJECT/silaju.unifa.ac.id/RPL-RF/vendor/codeigniter4/framework/system/View/View.php(230): include()
#1 /Users/macbookprom2/Desktop/PROJECT/silaju.unifa.ac.id/RPL-RF/vendor/codeigniter4/framework/system/View/View.php(232): CodeIgniter\View\View->CodeIgniter\View\{closure}()
#2 /Users/macbookprom2/Desktop/PROJECT/silaju.unifa.ac.id/RPL-RF/vendor/codeigniter4/framework/system/Common.php(1250): CodeIgniter\View\View->render('auth/rpl-auth-l...', Array, true)
#3 /Users/macbookprom2/Desktop/PROJECT/silaju.unifa.ac.id/RPL-RF/app/Controllers/AuthController.php(128): view('auth/rpl-auth-l...', Array)
#4 /Users/macbookprom2/Desktop/PROJECT/silaju.unifa.ac.id/RPL-RF/vendor/codeigniter4/framework/system/CodeIgniter.php(931): App\Controllers\AuthController->login()
#5 /Users/macbookprom2/Desktop/PROJECT/silaju.unifa.ac.id/RPL-RF/vendor/codeigniter4/framework/system/CodeIgniter.php(439): CodeIgniter\CodeIgniter->runController(Object(App\Controllers\AuthController))
#6 /Users/macbookprom2/Desktop/PROJECT/silaju.unifa.ac.id/RPL-RF/vendor/codeigniter4/framework/system/CodeIgniter.php(339): CodeIgniter\CodeIgniter->handleRequest(NULL, Object(Config\Cache), false)
#7 /Users/macbookprom2/Desktop/PROJECT/silaju.unifa.ac.id/RPL-RF/public/index.php(45): CodeIgniter\CodeIgniter->run()
#8 /Users/macbookprom2/Desktop/PROJECT/silaju.unifa.ac.id/RPL-RF/vendor/codeigniter4/framework/system/Commands/Server/rewrite.php(45): require_once('/Users/macbookp...')
#9 {main}
CRITICAL - 2025-02-03 04:10:31 --> Call to a member function hasError() on string
#0 /Users/macbookprom2/Desktop/PROJECT/silaju.unifa.ac.id/RPL-RF/vendor/codeigniter4/framework/system/View/View.php(230): include()
#1 /Users/macbookprom2/Desktop/PROJECT/silaju.unifa.ac.id/RPL-RF/vendor/codeigniter4/framework/system/View/View.php(232): CodeIgniter\View\View->CodeIgniter\View\{closure}()
#2 /Users/macbookprom2/Desktop/PROJECT/silaju.unifa.ac.id/RPL-RF/vendor/codeigniter4/framework/system/Common.php(1250): CodeIgniter\View\View->render('auth/rpl-auth-l...', Array, true)
#3 /Users/macbookprom2/Desktop/PROJECT/silaju.unifa.ac.id/RPL-RF/app/Controllers/AuthController.php(128): view('auth/rpl-auth-l...', Array)
#4 /Users/macbookprom2/Desktop/PROJECT/silaju.unifa.ac.id/RPL-RF/vendor/codeigniter4/framework/system/CodeIgniter.php(931): App\Controllers\AuthController->login()
#5 /Users/macbookprom2/Desktop/PROJECT/silaju.unifa.ac.id/RPL-RF/vendor/codeigniter4/framework/system/CodeIgniter.php(439): CodeIgniter\CodeIgniter->runController(Object(App\Controllers\AuthController))
#6 /Users/macbookprom2/Desktop/PROJECT/silaju.unifa.ac.id/RPL-RF/vendor/codeigniter4/framework/system/CodeIgniter.php(339): CodeIgniter\CodeIgniter->handleRequest(NULL, Object(Config\Cache), false)
#7 /Users/macbookprom2/Desktop/PROJECT/silaju.unifa.ac.id/RPL-RF/public/index.php(45): CodeIgniter\CodeIgniter->run()
#8 /Users/macbookprom2/Desktop/PROJECT/silaju.unifa.ac.id/RPL-RF/vendor/codeigniter4/framework/system/Commands/Server/rewrite.php(45): require_once('/Users/macbookp...')
#9 {main}
CRITICAL - 2025-02-03 04:10:33 --> Call to a member function hasError() on string
#0 /Users/macbookprom2/Desktop/PROJECT/silaju.unifa.ac.id/RPL-RF/vendor/codeigniter4/framework/system/View/View.php(230): include()
#1 /Users/macbookprom2/Desktop/PROJECT/silaju.unifa.ac.id/RPL-RF/vendor/codeigniter4/framework/system/View/View.php(232): CodeIgniter\View\View->CodeIgniter\View\{closure}()
#2 /Users/macbookprom2/Desktop/PROJECT/silaju.unifa.ac.id/RPL-RF/vendor/codeigniter4/framework/system/Common.php(1250): CodeIgniter\View\View->render('auth/rpl-auth-l...', Array, true)
#3 /Users/macbookprom2/Desktop/PROJECT/silaju.unifa.ac.id/RPL-RF/app/Controllers/AuthController.php(128): view('auth/rpl-auth-l...', Array)
#4 /Users/macbookprom2/Desktop/PROJECT/silaju.unifa.ac.id/RPL-RF/vendor/codeigniter4/framework/system/CodeIgniter.php(931): App\Controllers\AuthController->login()
#5 /Users/macbookprom2/Desktop/PROJECT/silaju.unifa.ac.id/RPL-RF/vendor/codeigniter4/framework/system/CodeIgniter.php(439): CodeIgniter\CodeIgniter->runController(Object(App\Controllers\AuthController))
#6 /Users/macbookprom2/Desktop/PROJECT/silaju.unifa.ac.id/RPL-RF/vendor/codeigniter4/framework/system/CodeIgniter.php(339): CodeIgniter\CodeIgniter->handleRequest(NULL, Object(Config\Cache), false)
#7 /Users/macbookprom2/Desktop/PROJECT/silaju.unifa.ac.id/RPL-RF/public/index.php(45): CodeIgniter\CodeIgniter->run()
#8 /Users/macbookprom2/Desktop/PROJECT/silaju.unifa.ac.id/RPL-RF/vendor/codeigniter4/framework/system/Commands/Server/rewrite.php(45): require_once('/Users/macbookp...')
#9 {main}
CRITICAL - 2025-02-03 04:11:32 --> Call to a member function hasError() on string
#0 /Users/macbookprom2/Desktop/PROJECT/silaju.unifa.ac.id/RPL-RF/vendor/codeigniter4/framework/system/View/View.php(230): include()
#1 /Users/macbookprom2/Desktop/PROJECT/silaju.unifa.ac.id/RPL-RF/vendor/codeigniter4/framework/system/View/View.php(232): CodeIgniter\View\View->CodeIgniter\View\{closure}()
#2 /Users/macbookprom2/Desktop/PROJECT/silaju.unifa.ac.id/RPL-RF/vendor/codeigniter4/framework/system/Common.php(1250): CodeIgniter\View\View->render('auth/rpl-auth-l...', Array, true)
#3 /Users/macbookprom2/Desktop/PROJECT/silaju.unifa.ac.id/RPL-RF/app/Controllers/AuthController.php(128): view('auth/rpl-auth-l...', Array)
#4 /Users/macbookprom2/Desktop/PROJECT/silaju.unifa.ac.id/RPL-RF/vendor/codeigniter4/framework/system/CodeIgniter.php(931): App\Controllers\AuthController->login()
#5 /Users/macbookprom2/Desktop/PROJECT/silaju.unifa.ac.id/RPL-RF/vendor/codeigniter4/framework/system/CodeIgniter.php(439): CodeIgniter\CodeIgniter->runController(Object(App\Controllers\AuthController))
#6 /Users/macbookprom2/Desktop/PROJECT/silaju.unifa.ac.id/RPL-RF/vendor/codeigniter4/framework/system/CodeIgniter.php(339): CodeIgniter\CodeIgniter->handleRequest(NULL, Object(Config\Cache), false)
#7 /Users/macbookprom2/Desktop/PROJECT/silaju.unifa.ac.id/RPL-RF/public/index.php(45): CodeIgniter\CodeIgniter->run()
#8 /Users/macbookprom2/Desktop/PROJECT/silaju.unifa.ac.id/RPL-RF/vendor/codeigniter4/framework/system/Commands/Server/rewrite.php(45): require_once('/Users/macbookp...')
#9 {main}
CRITICAL - 2025-02-03 04:11:33 --> Call to a member function hasError() on string
#0 /Users/macbookprom2/Desktop/PROJECT/silaju.unifa.ac.id/RPL-RF/vendor/codeigniter4/framework/system/View/View.php(230): include()
#1 /Users/macbookprom2/Desktop/PROJECT/silaju.unifa.ac.id/RPL-RF/vendor/codeigniter4/framework/system/View/View.php(232): CodeIgniter\View\View->CodeIgniter\View\{closure}()
#2 /Users/macbookprom2/Desktop/PROJECT/silaju.unifa.ac.id/RPL-RF/vendor/codeigniter4/framework/system/Common.php(1250): CodeIgniter\View\View->render('auth/rpl-auth-l...', Array, true)
#3 /Users/macbookprom2/Desktop/PROJECT/silaju.unifa.ac.id/RPL-RF/app/Controllers/AuthController.php(128): view('auth/rpl-auth-l...', Array)
#4 /Users/macbookprom2/Desktop/PROJECT/silaju.unifa.ac.id/RPL-RF/vendor/codeigniter4/framework/system/CodeIgniter.php(931): App\Controllers\AuthController->login()
#5 /Users/macbookprom2/Desktop/PROJECT/silaju.unifa.ac.id/RPL-RF/vendor/codeigniter4/framework/system/CodeIgniter.php(439): CodeIgniter\CodeIgniter->runController(Object(App\Controllers\AuthController))
#6 /Users/macbookprom2/Desktop/PROJECT/silaju.unifa.ac.id/RPL-RF/vendor/codeigniter4/framework/system/CodeIgniter.php(339): CodeIgniter\CodeIgniter->handleRequest(NULL, Object(Config\Cache), false)
#7 /Users/macbookprom2/Desktop/PROJECT/silaju.unifa.ac.id/RPL-RF/public/index.php(45): CodeIgniter\CodeIgniter->run()
#8 /Users/macbookprom2/Desktop/PROJECT/silaju.unifa.ac.id/RPL-RF/vendor/codeigniter4/framework/system/Commands/Server/rewrite.php(45): require_once('/Users/macbookp...')
#9 {main}
CRITICAL - 2025-02-03 04:12:02 --> Call to a member function hasError() on string
#0 /Users/macbookprom2/Desktop/PROJECT/silaju.unifa.ac.id/RPL-RF/vendor/codeigniter4/framework/system/View/View.php(230): include()
#1 /Users/macbookprom2/Desktop/PROJECT/silaju.unifa.ac.id/RPL-RF/vendor/codeigniter4/framework/system/View/View.php(232): CodeIgniter\View\View->CodeIgniter\View\{closure}()
#2 /Users/macbookprom2/Desktop/PROJECT/silaju.unifa.ac.id/RPL-RF/vendor/codeigniter4/framework/system/Common.php(1250): CodeIgniter\View\View->render('auth/rpl-auth-l...', Array, true)
#3 /Users/macbookprom2/Desktop/PROJECT/silaju.unifa.ac.id/RPL-RF/app/Controllers/AuthController.php(128): view('auth/rpl-auth-l...', Array)
#4 /Users/macbookprom2/Desktop/PROJECT/silaju.unifa.ac.id/RPL-RF/vendor/codeigniter4/framework/system/CodeIgniter.php(931): App\Controllers\AuthController->login()
#5 /Users/macbookprom2/Desktop/PROJECT/silaju.unifa.ac.id/RPL-RF/vendor/codeigniter4/framework/system/CodeIgniter.php(439): CodeIgniter\CodeIgniter->runController(Object(App\Controllers\AuthController))
#6 /Users/macbookprom2/Desktop/PROJECT/silaju.unifa.ac.id/RPL-RF/vendor/codeigniter4/framework/system/CodeIgniter.php(339): CodeIgniter\CodeIgniter->handleRequest(NULL, Object(Config\Cache), false)
#7 /Users/macbookprom2/Desktop/PROJECT/silaju.unifa.ac.id/RPL-RF/public/index.php(45): CodeIgniter\CodeIgniter->run()
#8 /Users/macbookprom2/Desktop/PROJECT/silaju.unifa.ac.id/RPL-RF/vendor/codeigniter4/framework/system/Commands/Server/rewrite.php(45): require_once('/Users/macbookp...')
#9 {main}
CRITICAL - 2025-02-03 04:12:45 --> Call to a member function hasError() on string
#0 /Users/macbookprom2/Desktop/PROJECT/silaju.unifa.ac.id/RPL-RF/vendor/codeigniter4/framework/system/View/View.php(230): include()
#1 /Users/macbookprom2/Desktop/PROJECT/silaju.unifa.ac.id/RPL-RF/vendor/codeigniter4/framework/system/View/View.php(232): CodeIgniter\View\View->CodeIgniter\View\{closure}()
#2 /Users/macbookprom2/Desktop/PROJECT/silaju.unifa.ac.id/RPL-RF/vendor/codeigniter4/framework/system/Common.php(1250): CodeIgniter\View\View->render('auth/rpl-auth-l...', Array, true)
#3 /Users/macbookprom2/Desktop/PROJECT/silaju.unifa.ac.id/RPL-RF/app/Controllers/AuthController.php(128): view('auth/rpl-auth-l...', Array)
#4 /Users/macbookprom2/Desktop/PROJECT/silaju.unifa.ac.id/RPL-RF/vendor/codeigniter4/framework/system/CodeIgniter.php(931): App\Controllers\AuthController->login()
#5 /Users/macbookprom2/Desktop/PROJECT/silaju.unifa.ac.id/RPL-RF/vendor/codeigniter4/framework/system/CodeIgniter.php(439): CodeIgniter\CodeIgniter->runController(Object(App\Controllers\AuthController))
#6 /Users/macbookprom2/Desktop/PROJECT/silaju.unifa.ac.id/RPL-RF/vendor/codeigniter4/framework/system/CodeIgniter.php(339): CodeIgniter\CodeIgniter->handleRequest(NULL, Object(Config\Cache), false)
#7 /Users/macbookprom2/Desktop/PROJECT/silaju.unifa.ac.id/RPL-RF/public/index.php(45): CodeIgniter\CodeIgniter->run()
#8 /Users/macbookprom2/Desktop/PROJECT/silaju.unifa.ac.id/RPL-RF/vendor/codeigniter4/framework/system/Commands/Server/rewrite.php(45): require_once('/Users/macbookp...')
#9 {main}
