CRITICAL - 2024-10-26 23:49:03 --> Expression #1 of SELECT list is not in GROUP BY clause and contains nonaggregated column 'rpl.uf.01.11.23.bio_peserta.nama' which is not functionally dependent on columns in GROUP BY clause; this is incompatible with sql_mode=only_full_group_by
#0 /Users/macbookprom2/Desktop/PROJECT/silaju.unifa.ac.id/RPL-RF/vendor/codeigniter4/framework/system/Database/MySQLi/Connection.php(329): mysqli->query('SELECT\n        ...')
#1 /Users/macbookprom2/Desktop/PROJECT/silaju.unifa.ac.id/RPL-RF/vendor/codeigniter4/framework/system/Database/BaseConnection.php(732): CodeIgniter\Database\MySQLi\Connection->execute('SELECT\n        ...')
#2 /Users/macbookprom2/Desktop/PROJECT/silaju.unifa.ac.id/RPL-RF/vendor/codeigniter4/framework/system/Database/BaseConnection.php(647): CodeIgniter\Database\BaseConnection->simpleQuery('SELECT\n        ...')
#3 /Users/macbookprom2/Desktop/PROJECT/silaju.unifa.ac.id/RPL-RF/app/Models/ModelMkA1.php(177): CodeIgniter\Database\BaseConnection->query('SELECT\n        ...')
#4 /Users/macbookprom2/Desktop/PROJECT/silaju.unifa.ac.id/RPL-RF/app/Controllers/Admin.php(57): App\Models\ModelMkA1->dataMhsBelumAsesiA1('20231')
#5 /Users/macbookprom2/Desktop/PROJECT/silaju.unifa.ac.id/RPL-RF/vendor/codeigniter4/framework/system/CodeIgniter.php(931): App\Controllers\Admin->index()
#6 /Users/macbookprom2/Desktop/PROJECT/silaju.unifa.ac.id/RPL-RF/vendor/codeigniter4/framework/system/CodeIgniter.php(439): CodeIgniter\CodeIgniter->runController(Object(App\Controllers\Admin))
#7 /Users/macbookprom2/Desktop/PROJECT/silaju.unifa.ac.id/RPL-RF/vendor/codeigniter4/framework/system/CodeIgniter.php(339): CodeIgniter\CodeIgniter->handleRequest(NULL, Object(Config\Cache), false)
#8 /Users/macbookprom2/Desktop/PROJECT/silaju.unifa.ac.id/RPL-RF/public/index.php(45): CodeIgniter\CodeIgniter->run()
#9 /Users/macbookprom2/Desktop/PROJECT/silaju.unifa.ac.id/RPL-RF/vendor/codeigniter4/framework/system/Commands/Server/rewrite.php(45): require_once('/Users/macbookp...')
#10 {main}
CRITICAL - 2024-10-26 23:51:16 --> Trying to get property 'kode_prodi' of non-object
#0 /Users/macbookprom2/Desktop/PROJECT/silaju.unifa.ac.id/RPL-RF/app/Controllers/Admin.php(3676): CodeIgniter\Debug\Exceptions->errorHandler(8, 'Trying to get p...', '/Users/macbookp...', 3676, Array)
#1 /Users/macbookprom2/Desktop/PROJECT/silaju.unifa.ac.id/RPL-RF/app/Controllers/Admin.php(2814): App\Controllers\Admin->getKodeProdiBy('assets')
#2 /Users/macbookprom2/Desktop/PROJECT/silaju.unifa.ac.id/RPL-RF/vendor/codeigniter4/framework/system/CodeIgniter.php(931): App\Controllers\Admin->validprodia1('assets', 'images', 'logo.svg')
#3 /Users/macbookprom2/Desktop/PROJECT/silaju.unifa.ac.id/RPL-RF/vendor/codeigniter4/framework/system/CodeIgniter.php(439): CodeIgniter\CodeIgniter->runController(Object(App\Controllers\Admin))
#4 /Users/macbookprom2/Desktop/PROJECT/silaju.unifa.ac.id/RPL-RF/vendor/codeigniter4/framework/system/CodeIgniter.php(339): CodeIgniter\CodeIgniter->handleRequest(NULL, Object(Config\Cache), false)
#5 /Users/macbookprom2/Desktop/PROJECT/silaju.unifa.ac.id/RPL-RF/public/index.php(45): CodeIgniter\CodeIgniter->run()
#6 /Users/macbookprom2/Desktop/PROJECT/silaju.unifa.ac.id/RPL-RF/vendor/codeigniter4/framework/system/Commands/Server/rewrite.php(45): require_once('/Users/macbookp...')
#7 {main}
CRITICAL - 2024-10-26 23:51:16 --> Trying to get property 'kode_prodi' of non-object
#0 /Users/macbookprom2/Desktop/PROJECT/silaju.unifa.ac.id/RPL-RF/app/Controllers/Admin.php(3676): CodeIgniter\Debug\Exceptions->errorHandler(8, 'Trying to get p...', '/Users/macbookp...', 3676, Array)
#1 /Users/macbookprom2/Desktop/PROJECT/silaju.unifa.ac.id/RPL-RF/app/Controllers/Admin.php(2814): App\Controllers\Admin->getKodeProdiBy('assets')
#2 /Users/macbookprom2/Desktop/PROJECT/silaju.unifa.ac.id/RPL-RF/vendor/codeigniter4/framework/system/CodeIgniter.php(931): App\Controllers\Admin->validprodia1('assets', 'images', 'logo-dark.png')
#3 /Users/macbookprom2/Desktop/PROJECT/silaju.unifa.ac.id/RPL-RF/vendor/codeigniter4/framework/system/CodeIgniter.php(439): CodeIgniter\CodeIgniter->runController(Object(App\Controllers\Admin))
#4 /Users/macbookprom2/Desktop/PROJECT/silaju.unifa.ac.id/RPL-RF/vendor/codeigniter4/framework/system/CodeIgniter.php(339): CodeIgniter\CodeIgniter->handleRequest(NULL, Object(Config\Cache), false)
#5 /Users/macbookprom2/Desktop/PROJECT/silaju.unifa.ac.id/RPL-RF/public/index.php(45): CodeIgniter\CodeIgniter->run()
#6 /Users/macbookprom2/Desktop/PROJECT/silaju.unifa.ac.id/RPL-RF/vendor/codeigniter4/framework/system/Commands/Server/rewrite.php(45): require_once('/Users/macbookp...')
#7 {main}
